<html>
<body>
<pre>
<h1>µVision Build Log</h1>
<h2>Tool Versions:</h2>
IDE-Version: µVision V5.22.0.0
Copyright (C) 2016 ARM Ltd and ARM Germany GmbH. All rights reserved.
License Information: Pau Bau, -_-, LIC=----
 
Tool Versions:
Toolchain:       MDK-Lite  Version: 5.22
Toolchain Path:  C:\Keil_v5\ARM\ARMCC\Bin
C Compiler:      Armcc.exe V5.06 update 4 (build 422)
Assembler:       Armasm.exe V5.06 update 4 (build 422)
Linker/Locator:  ArmLink.exe V5.06 update 4 (build 422)
Library Manager: ArmAr.exe V5.06 update 4 (build 422)
Hex Converter:   FromElf.exe V5.06 update 4 (build 422)
CPU DLL:         SARMCM3.DLL V5.22
Dialog DLL:      DCM.DLL V1.13.9.0
Target DLL:      STLink\ST-LINKIII-KEIL_SWO.dll V2.0.18.0
Dialog DLL:      TCM.DLL V1.21.0.0
 
<h2>Project:</h2>
C:\Users\pauliusbau\Documents\SourceTree\electronics-farm\STM32_Stuff\Nucleo-144\Flux capacitor\MDK-ARM\Flux capacitor.uvprojx
Project File Date:  02/04/2017

<h2>Output:</h2>
*** Using Compiler 'V5.06 update 4 (build 422)', folder: 'C:\Keil_v5\ARM\ARMCC\Bin'
Build target 'Flux capacitor'
compiling main.c...
../Src/main.c(130): warning:  #223-D: function "strlen" declared implicitly
    HAL_UART_Transmit(&huart3, (uint8_t*)msg, strlen(msg), 0xFFFF);
../Src/main.c(131): warning:  #167-D: argument of type "char *" is incompatible with parameter of type "uint8_t *"
        HAL_UART_Receive_DMA(&huart3, &rxBuffer, 1);
../Src/main.c(79): warning:  #177-D: variable "button_pressed"  was declared but never referenced
        char button_pressed  = 0;
../Src/main.c(99): warning:  #177-D: variable "buff"  was declared but never referenced
        char buff[30];
../Src/main.c(366): warning:  #223-D: function "strlen" declared implicitly
    HAL_UART_Transmit(&huart3, (uint8_t*)msg, strlen(msg), 0xFFFF); 
../Src/main.c(389): warning:  #223-D: function "strlen" declared implicitly
        HAL_UART_Transmit(&huart3, (uint8_t*)string, strlen(string),  0xFFFF);
../Src/main.c: 6 warnings, 0 errors
linking...
Program Size: Code=6860 RO-data=532 RW-data=16 ZI-data=1312  
"Flux capacitor\Flux capacitor.axf" - 0 Error(s), 6 Warning(s).

<h2>Software Packages used:</h2>

Package Vendor: ARM
                http://www.keil.com/pack/ARM.CMSIS.5.0.0.pack
                ARM::CMSIS:CORE:5.0.0
                CMSIS (Cortex Microcontroller Software Interface Standard)
   * Component: CORE Version: 5.0.0

<h2>Collection of Component include folders:</h2>
  C:\Users\pauliusbau\Documents\SourceTree\electronics-farm\STM32_Stuff\Nucleo-144\Flux capacitor\MDK-ARM\RTE\_Flux_capacitor
  C:\Keil_v5\ARM\PACK\ARM\CMSIS\5.0.0\CMSIS\Include
  C:\Keil_v5\ARM\PACK\Keil\STM32F4xx_DFP\2.11.0\Drivers\CMSIS\Device\ST\STM32F4xx\Include

<h2>Collection of Component Files used:</h2>

   * Component: ARM::CMSIS:CORE:5.0.0
Build Time Elapsed:  00:00:13
</pre>
</body>
</html>
