Archive member included to satisfy reference by file (symbol)

c:/program files (x86)/atollic/truestudio for arm 5.5.2/armtools/bin/../lib/gcc/arm-atollic-eabi/5.3.1/../../../../arm-atollic-eabi/lib/armv7e-m/fpu\libc.a(lib_a-init.o)
                              Drivers\CMSIS\Device\ST\STM32F4xx\Source\Templates\gcc\startup_stm32f446xx.o (__libc_init_array)
c:/program files (x86)/atollic/truestudio for arm 5.5.2/armtools/bin/../lib/gcc/arm-atollic-eabi/5.3.1/../../../../arm-atollic-eabi/lib/armv7e-m/fpu\libc.a(lib_a-memcpy-stub.o)
                              Middlewares\Third_Party\FreeRTOS\Source\queue.o (memcpy)
c:/program files (x86)/atollic/truestudio for arm 5.5.2/armtools/bin/../lib/gcc/arm-atollic-eabi/5.3.1/../../../../arm-atollic-eabi/lib/armv7e-m/fpu\libc.a(lib_a-memset.o)
                              Middlewares\Third_Party\FreeRTOS\Source\tasks.o (memset)

Allocating common symbols
Common symbol       size              file

defaultTaskHandle   0x4               Src\main.o
hdma_usart2_rx      0x60              Src\main.o
blinkTaskHandle     0x4               Src\main.o
uwTick              0x4               Drivers\STM32F4xx_HAL_Driver\Src\stm32f4xx_hal.o
xQueueRegistry      0x40              Middlewares\Third_Party\FreeRTOS\Source\queue.o
pFlash              0x20              Drivers\STM32F4xx_HAL_Driver\Src\stm32f4xx_hal_flash.o
hdma_usart2_tx      0x60              Src\main.o
htim1               0x3c              Src\stm32f4xx_hal_timebase_TIM.o
huart2              0x40              Src\main.o
semHandle           0x4               Src\main.o

Discarded input sections

 .text          0x00000000        0x0 c:/program files (x86)/atollic/truestudio for arm 5.5.2/armtools/bin/../lib/gcc/arm-atollic-eabi/5.3.1/armv7e-m/fpu/crti.o
 .data          0x00000000        0x0 c:/program files (x86)/atollic/truestudio for arm 5.5.2/armtools/bin/../lib/gcc/arm-atollic-eabi/5.3.1/armv7e-m/fpu/crti.o
 .bss           0x00000000        0x0 c:/program files (x86)/atollic/truestudio for arm 5.5.2/armtools/bin/../lib/gcc/arm-atollic-eabi/5.3.1/armv7e-m/fpu/crti.o
 .data          0x00000000        0x4 c:/program files (x86)/atollic/truestudio for arm 5.5.2/armtools/bin/../lib/gcc/arm-atollic-eabi/5.3.1/armv7e-m/fpu/crtbegin.o
 .text          0x00000000        0x0 Src\stm32f4xx_it.o
 .data          0x00000000        0x0 Src\stm32f4xx_it.o
 .bss           0x00000000        0x0 Src\stm32f4xx_it.o
 .text          0x00000000        0x0 Src\stm32f4xx_hal_timebase_TIM.o
 .data          0x00000000        0x0 Src\stm32f4xx_hal_timebase_TIM.o
 .bss           0x00000000        0x0 Src\stm32f4xx_hal_timebase_TIM.o
 .text.HAL_SuspendTick
                0x00000000       0x14 Src\stm32f4xx_hal_timebase_TIM.o
 .text.HAL_ResumeTick
                0x00000000       0x14 Src\stm32f4xx_hal_timebase_TIM.o
 .bss.uwIncrementState
                0x00000000        0x4 Src\stm32f4xx_hal_timebase_TIM.o
 .text          0x00000000        0x0 Src\stm32f4xx_hal_msp.o
 .data          0x00000000        0x0 Src\stm32f4xx_hal_msp.o
 .bss           0x00000000        0x0 Src\stm32f4xx_hal_msp.o
 .text.HAL_UART_MspDeInit
                0x00000000       0x44 Src\stm32f4xx_hal_msp.o
 .text          0x00000000        0x0 Src\main.o
 .data          0x00000000        0x0 Src\main.o
 .bss           0x00000000        0x0 Src\main.o
 .text          0x00000000        0x0 Src\freertos.o
 .data          0x00000000        0x0 Src\freertos.o
 .bss           0x00000000        0x0 Src\freertos.o
 .debug_info    0x00000000       0x79 Src\freertos.o
 .debug_abbrev  0x00000000       0x26 Src\freertos.o
 .debug_aranges
                0x00000000       0x18 Src\freertos.o
 .debug_line    0x00000000       0x1d Src\freertos.o
 .debug_str     0x00000000      0x19a Src\freertos.o
 .comment       0x00000000       0x7f Src\freertos.o
 .ARM.attributes
                0x00000000       0x39 Src\freertos.o
 .text          0x00000000        0x0 Middlewares\Third_Party\FreeRTOS\Source\timers.o
 .data          0x00000000        0x0 Middlewares\Third_Party\FreeRTOS\Source\timers.o
 .bss           0x00000000        0x0 Middlewares\Third_Party\FreeRTOS\Source\timers.o
 .debug_info    0x00000000       0x79 Middlewares\Third_Party\FreeRTOS\Source\timers.o
 .debug_abbrev  0x00000000       0x26 Middlewares\Third_Party\FreeRTOS\Source\timers.o
 .debug_aranges
                0x00000000       0x18 Middlewares\Third_Party\FreeRTOS\Source\timers.o
 .debug_line    0x00000000       0x1d Middlewares\Third_Party\FreeRTOS\Source\timers.o
 .debug_str     0x00000000      0x1bc Middlewares\Third_Party\FreeRTOS\Source\timers.o
 .comment       0x00000000       0x7f Middlewares\Third_Party\FreeRTOS\Source\timers.o
 .ARM.attributes
                0x00000000       0x39 Middlewares\Third_Party\FreeRTOS\Source\timers.o
 .text          0x00000000        0x0 Middlewares\Third_Party\FreeRTOS\Source\tasks.o
 .data          0x00000000        0x0 Middlewares\Third_Party\FreeRTOS\Source\tasks.o
[...]
Memory Configuration

Name             Origin             Length             Attributes
FLASH            0x08000000         0x00080000         xr
RAM              0x20000000         0x00020000         xrw
*default*        0x00000000         0xffffffff

Linker script and memory map

LOAD c:/program files (x86)/atollic/truestudio for arm 5.5.2/armtools/bin/../lib/gcc/arm-atollic-eabi/5.3.1/armv7e-m/fpu/crti.o
LOAD c:/program files (x86)/atollic/truestudio for arm 5.5.2/armtools/bin/../lib/gcc/arm-atollic-eabi/5.3.1/armv7e-m/fpu/crtbegin.o
LOAD Src\stm32f4xx_it.o
LOAD Src\stm32f4xx_hal_timebase_TIM.o
LOAD Src\stm32f4xx_hal_msp.o
LOAD Src\main.o
LOAD Src\freertos.o
LOAD Middlewares\Third_Party\FreeRTOS\Source\timers.o
LOAD Middlewares\Third_Party\FreeRTOS\Source\tasks.o
LOAD Middlewares\Third_Party\FreeRTOS\Source\queue.o
LOAD Middlewares\Third_Party\FreeRTOS\Source\portable\MemMang\heap_4.o
LOAD Middlewares\Third_Party\FreeRTOS\Source\portable\GCC\ARM_CM4F\port.o
LOAD Middlewares\Third_Party\FreeRTOS\Source\list.o
LOAD Middlewares\Third_Party\FreeRTOS\Source\event_groups.o
LOAD Middlewares\Third_Party\FreeRTOS\Source\croutine.o
LOAD Middlewares\Third_Party\FreeRTOS\Source\CMSIS_RTOS\cmsis_os.o
LOAD Drivers\STM32F4xx_HAL_Driver\Src\stm32f4xx_hal_uart.o
LOAD Drivers\STM32F4xx_HAL_Driver\Src\stm32f4xx_hal_tim_ex.o
LOAD Drivers\STM32F4xx_HAL_Driver\Src\stm32f4xx_hal_tim.o
LOAD Drivers\STM32F4xx_HAL_Driver\Src\stm32f4xx_hal_rcc_ex.o
LOAD Drivers\STM32F4xx_HAL_Driver\Src\stm32f4xx_hal_rcc.o
LOAD Drivers\STM32F4xx_HAL_Driver\Src\stm32f4xx_hal_pwr_ex.o
LOAD Drivers\STM32F4xx_HAL_Driver\Src\stm32f4xx_hal_pwr.o
LOAD Drivers\STM32F4xx_HAL_Driver\Src\stm32f4xx_hal_gpio.o
LOAD Drivers\STM32F4xx_HAL_Driver\Src\stm32f4xx_hal_flash_ramfunc.o
LOAD Drivers\STM32F4xx_HAL_Driver\Src\stm32f4xx_hal_flash_ex.o
LOAD Drivers\STM32F4xx_HAL_Driver\Src\stm32f4xx_hal_flash.o
LOAD Drivers\STM32F4xx_HAL_Driver\Src\stm32f4xx_hal_dma_ex.o
LOAD Drivers\STM32F4xx_HAL_Driver\Src\stm32f4xx_hal_dma.o
LOAD Drivers\STM32F4xx_HAL_Driver\Src\stm32f4xx_hal_cortex.o
LOAD Drivers\STM32F4xx_HAL_Driver\Src\stm32f4xx_hal.o
LOAD Drivers\CMSIS\Device\ST\STM32F4xx\Source\Templates\system_stm32f4xx.o
LOAD Drivers\CMSIS\Device\ST\STM32F4xx\Source\Templates\gcc\startup_stm32f446xx.o
START GROUP
LOAD c:/program files (x86)/atollic/truestudio for arm 5.5.2/armtools/bin/../lib/gcc/arm-atollic-eabi/5.3.1/../../../../arm-atollic-eabi/lib/armv7e-m/fpu\libc.a
LOAD c:/program files (x86)/atollic/truestudio for arm 5.5.2/armtools/bin/../lib/gcc/arm-atollic-eabi/5.3.1/../../../../arm-atollic-eabi/lib/armv7e-m/fpu\libm.a
END GROUP
                0x00000080                malloc_getpagesize_P = 0x80
START GROUP
LOAD c:/program files (x86)/atollic/truestudio for arm 5.5.2/armtools/bin/../lib/gcc/arm-atollic-eabi/5.3.1/armv7e-m/fpu\libgcc.a
LOAD c:/program files (x86)/atollic/truestudio for arm 5.5.2/armtools/bin/../lib/gcc/arm-atollic-eabi/5.3.1/../../../../arm-atollic-eabi/lib/armv7e-m/fpu\libc.a
END GROUP
START GROUP
LOAD c:/program files (x86)/atollic/truestudio for arm 5.5.2/armtools/bin/../lib/gcc/arm-atollic-eabi/5.3.1/armv7e-m/fpu\libgcc.a
LOAD c:/program files (x86)/atollic/truestudio for arm 5.5.2/armtools/bin/../lib/gcc/arm-atollic-eabi/5.3.1/../../../../arm-atollic-eabi/lib/armv7e-m/fpu\libc.a
LOAD c:/program files (x86)/atollic/truestudio for arm 5.5.2/armtools/bin/../lib/gcc/arm-atollic-eabi/5.3.1/../../../../arm-atollic-eabi/lib/armv7e-m/fpu\libnosys.a
END GROUP
LOAD c:/program files (x86)/atollic/truestudio for arm 5.5.2/armtools/bin/../lib/gcc/arm-atollic-eabi/5.3.1/armv7e-m/fpu/crtend.o
LOAD c:/program files (x86)/atollic/truestudio for arm 5.5.2/armtools/bin/../lib/gcc/arm-atollic-eabi/5.3.1/armv7e-m/fpu/crtn.o
                0x20020000                _estack = 0x20020000
                0x00000200                _Min_Heap_Size = 0x200
                0x00000400                _Min_Stack_Size = 0x400

.isr_vector     0x08000000      0x1c4
                0x08000000                . = ALIGN (0x4)
 *(.isr_vector)
 .isr_vector    0x08000000      0x1c4 Drivers\CMSIS\Device\ST\STM32F4xx\Source\Templates\gcc\startup_stm32f446xx.o
                0x08000000                g_pfnVectors
                0x080001c4                . = ALIGN (0x4)

.text           0x080001c4     0x2f88
                0x080001c4                . = ALIGN (0x4)
 *(.text)
 .text          0x080001c4       0x40 c:/program files (x86)/atollic/truestudio for arm 5.5.2/armtools/bin/../lib/gcc/arm-atollic-eabi/5.3.1/armv7e-m/fpu/crtbegin.o
 *(.text*)
 .text.SysTick_Handler
                0x08000204        0x4 Src\stm32f4xx_it.o
                0x08000204                SysTick_Handler
 .text.DMA1_Stream5_IRQHandler
                0x08000208        0xc Src\stm32f4xx_it.o
                0x08000208                DMA1_Stream5_IRQHandler
 .text.DMA1_Stream6_IRQHandler
                0x08000214        0xc Src\stm32f4xx_it.o
                0x08000214                DMA1_Stream6_IRQHandler
 .text.TIM1_UP_TIM10_IRQHandler
                0x08000220        0xc Src\stm32f4xx_it.o
                0x08000220                TIM1_UP_TIM10_IRQHandler
 .text.USART2_IRQHandler
                0x0800022c        0xc Src\stm32f4xx_it.o
                0x0800022c                USART2_IRQHandler
 .text.EXTI15_10_IRQHandler
                0x08000238        0x8 Src\stm32f4xx_it.o
                0x08000238                EXTI15_10_IRQHandler
 .text.HAL_InitTick
                0x08000240       0x7c Src\stm32f4xx_hal_timebase_TIM.o
                0x08000240                HAL_InitTick
 .text.HAL_MspInit
                0x080002bc       0x60 Src\stm32f4xx_hal_msp.o
                0x080002bc                HAL_MspInit
 .text.HAL_UART_MspInit
                0x0800031c       0xdc Src\stm32f4xx_hal_msp.o
                0x0800031c                HAL_UART_MspInit
 .text.StartDefaultTask
                0x080003f8       0x2c Src\main.o
                0x080003f8                StartDefaultTask
 .text.BlinkTask
                0x08000424       0x2c Src\main.o
                0x08000424                BlinkTask
 .text.SystemClock_Config
                0x08000450       0xac Src\main.o
                0x08000450                SystemClock_Config
 .text.startup.main
                0x080004fc      0x198 Src\main.o
                0x080004fc                main
 .text.HAL_TIM_PeriodElapsedCallback
                0x08000694       0x14 Src\main.o
                0x08000694                HAL_TIM_PeriodElapsedCallback
 .text.Error_Handler
                0x080006a8        0x2 Src\main.o
                0x080006a8                Error_Handler
 *fill*         0x080006aa        0x2 
 .text.prvResetNextTaskUnblockTime
                0x080006ac       0x24 Middlewares\Third_Party\FreeRTOS\Source\tasks.o
 .text.prvAddCurrentTaskToDelayedList
                0x080006d0       0x50 Middlewares\Third_Party\FreeRTOS\Source\tasks.o
 .text.xTaskGenericCreate.part.5
                0x08000720      0x1c4 Middlewares\Third_Party\FreeRTOS\Source\tasks.o
 .text.vTaskSetTimeOutState.part.7
                0x080008e4       0x12 Middlewares\Third_Party\FreeRTOS\Source\tasks.o
 .text.xTaskGenericCreate
                0x080008f6       0x3c Middlewares\Third_Party\FreeRTOS\Source\tasks.o
                0x080008f6                xTaskGenericCreate
 *fill*         0x08000932        0x2 
 .text.vTaskDelete
                0x08000934       0xc8 Middlewares\Third_Party\FreeRTOS\Source\tasks.o
                0x08000934                vTaskDelete
 .text.vTaskStartScheduler
                0x080009fc       0x70 Middlewares\Third_Party\FreeRTOS\Source\tasks.o
                0x080009fc                vTaskStartScheduler
 .text.vTaskSuspendAll
                0x08000a6c       0x10 Middlewares\Third_Party\FreeRTOS\Source\tasks.o
                0x08000a6c                vTaskSuspendAll
 .text.xTaskIncrementTick
                0x08000a7c      0x130 Middlewares\Third_Party\FreeRTOS\Source\tasks.o
                0x08000a7c                xTaskIncrementTick
 .text.xTaskResumeAll
                0x08000bac       0xec Middlewares\Third_Party\FreeRTOS\Source\tasks.o
                0x08000bac                xTaskResumeAll
 .text.vTaskDelay
                0x08000c98       0x7c Middlewares\Third_Party\FreeRTOS\Source\tasks.o
                0x08000c98                vTaskDelay
 .text.prvIdleTask
                0x08000d14       0x78 Middlewares\Third_Party\FreeRTOS\Source\tasks.o
 .text.vTaskSwitchContext
                0x08000d8c       0x74 Middlewares\Third_Party\FreeRTOS\Source\tasks.o
                0x08000d8c                vTaskSwitchContext
 .text.vTaskPlaceOnEventList
                0x08000e00       0x70 Middlewares\Third_Party\FreeRTOS\Source\tasks.o
                0x08000e00                vTaskPlaceOnEventList
 .text.xTaskRemoveFromEventList
                0x08000e70       0x84 Middlewares\Third_Party\FreeRTOS\Source\tasks.o
                0x08000e70                xTaskRemoveFromEventList
 .text.vTaskSetTimeOutState
                0x08000ef4       0x20 Middlewares\Third_Party\FreeRTOS\Source\tasks.o
                0x08000ef4                vTaskSetTimeOutState
 .text.xTaskCheckForTimeOut
                0x08000f14       0x74 Middlewares\Third_Party\FreeRTOS\Source\tasks.o
                0x08000f14                xTaskCheckForTimeOut
 .text.vTaskMissedYield
                0x08000f88        0xc Middlewares\Third_Party\FreeRTOS\Source\tasks.o
                0x08000f88                vTaskMissedYield
 .text.xTaskGetSchedulerState
                0x08000f94       0x20 Middlewares\Third_Party\FreeRTOS\Source\tasks.o
                0x08000f94                xTaskGetSchedulerState
 .text.vTaskPriorityInherit
                0x08000fb4       0x8c Middlewares\Third_Party\FreeRTOS\Source\tasks.o
                0x08000fb4                vTaskPriorityInherit
 .text.xTaskPriorityDisinherit
                0x08001040       0xa0 Middlewares\Third_Party\FreeRTOS\Source\tasks.o
                0x08001040                xTaskPriorityDisinherit
 .text.pvTaskIncrementMutexHeldCount
                0x080010e0       0x18 Middlewares\Third_Party\FreeRTOS\Source\tasks.o
                0x080010e0                pvTaskIncrementMutexHeldCount
 .text.unlikely.prvCopyDataToQueue
                0x080010f8       0x6a Middlewares\Third_Party\FreeRTOS\Source\queue.o
 .text.unlikely.prvCopyDataFromQueue
                0x08001162       0x2a Middlewares\Third_Party\FreeRTOS\Source\queue.o
 .text.prvUnlockQueue
                0x0800118c       0x68 Middlewares\Third_Party\FreeRTOS\Source\queue.o
 .text.xQueueGenericReset
                0x080011f4       0x80 Middlewares\Third_Party\FreeRTOS\Source\queue.o
                0x080011f4                xQueueGenericReset
 .text.xQueueGenericCreate
                0x08001274       0x64 Middlewares\Third_Party\FreeRTOS\Source\queue.o
                0x08001274                xQueueGenericCreate
 .text.xQueueGenericSend
                0x080012d8      0x164 Middlewares\Third_Party\FreeRTOS\Source\queue.o
                0x080012d8                xQueueGenericSend
 .text.xQueueGiveFromISR
                0x0800143c       0xa0 Middlewares\Third_Party\FreeRTOS\Source\queue.o
                0x0800143c                xQueueGiveFromISR
 .text.xQueueGenericReceive
                0x080014dc      0x16c Middlewares\Third_Party\FreeRTOS\Source\queue.o
                0x080014dc                xQueueGenericReceive
 .text.xQueueReceiveFromISR
                0x08001648       0x88 Middlewares\Third_Party\FreeRTOS\Source\queue.o
                0x08001648                xQueueReceiveFromISR
 .text.unlikely.prvInsertBlockIntoFreeList
                0x080016d0       0x48 Middlewares\Third_Party\FreeRTOS\Source\portable\MemMang\heap_4.o
 .text.pvPortMalloc
                0x08001718      0x124 Middlewares\Third_Party\FreeRTOS\Source\portable\MemMang\heap_4.o
                0x08001718                pvPortMalloc
 .text.vPortFree
                0x0800183c       0x70 Middlewares\Third_Party\FreeRTOS\Source\portable\MemMang\heap_4.o
                0x0800183c                vPortFree
 .text.prvTaskExitError
                0x080018ac       0x30 Middlewares\Third_Party\FreeRTOS\Source\portable\GCC\ARM_CM4F\port.o
 .text.prvPortStartFirstTask
                0x080018dc       0x20 Middlewares\Third_Party\FreeRTOS\Source\portable\GCC\ARM_CM4F\port.o
 .text.vPortEnableVFP
                0x080018fc       0x14 Middlewares\Third_Party\FreeRTOS\Source\portable\GCC\ARM_CM4F\port.o
 .text.pxPortInitialiseStack
                0x08001910       0x24 Middlewares\Third_Party\FreeRTOS\Source\portable\GCC\ARM_CM4F\port.o
                0x08001910                pxPortInitialiseStack
 .text.SVC_Handler
                0x08001934       0x20 Middlewares\Third_Party\FreeRTOS\Source\portable\GCC\ARM_CM4F\port.o
                0x08001934                SVC_Handler
 .text.vPortEnterCritical
                0x08001954       0x44 Middlewares\Third_Party\FreeRTOS\Source\portable\GCC\ARM_CM4F\port.o
                0x08001954                vPortEnterCritical
 .text.vPortExitCritical
                0x08001998       0x28 Middlewares\Third_Party\FreeRTOS\Source\portable\GCC\ARM_CM4F\port.o
                0x08001998                vPortExitCritical
 .text.PendSV_Handler
                0x080019c0       0x60 Middlewares\Third_Party\FreeRTOS\Source\portable\GCC\ARM_CM4F\port.o
                0x080019c0                PendSV_Handler
 .text.xPortSysTickHandler
                0x08001a20       0x30 Middlewares\Third_Party\FreeRTOS\Source\portable\GCC\ARM_CM4F\port.o
                0x08001a20                xPortSysTickHandler
 .text.vPortSetupTimerInterrupt
                0x08001a50       0x28 Middlewares\Third_Party\FreeRTOS\Source\portable\GCC\ARM_CM4F\port.o
                0x08001a50                vPortSetupTimerInterrupt
 .text.xPortStartScheduler
                0x08001a78       0xec Middlewares\Third_Party\FreeRTOS\Source\portable\GCC\ARM_CM4F\port.o
                0x08001a78                xPortStartScheduler
 .text.vPortValidateInterruptPriority
                0x08001b64       0x5c Middlewares\Third_Party\FreeRTOS\Source\portable\GCC\ARM_CM4F\port.o
                0x08001b64                vPortValidateInterruptPriority
 .text.vListInitialise
                0x08001bc0       0x16 Middlewares\Third_Party\FreeRTOS\Source\list.o
                0x08001bc0                vListInitialise
 .text.vListInitialiseItem
                0x08001bd6        0x6 Middlewares\Third_Party\FreeRTOS\Source\list.o
                0x08001bd6                vListInitialiseItem
 .text.vListInsertEnd
                0x08001bdc       0x18 Middlewares\Third_Party\FreeRTOS\Source\list.o
                0x08001bdc                vListInsertEnd
 .text.vListInsert
                0x08001bf4       0x30 Middlewares\Third_Party\FreeRTOS\Source\list.o
                0x08001bf4                vListInsert
 .text.uxListRemove
                0x08001c24       0x20 Middlewares\Third_Party\FreeRTOS\Source\list.o
                0x08001c24                uxListRemove
 .text.osKernelStart
                0x08001c44        0xa Middlewares\Third_Party\FreeRTOS\Source\CMSIS_RTOS\cmsis_os.o
                0x08001c44                osKernelStart
 .text.osThreadCreate
                0x08001c4e       0x38 Middlewares\Third_Party\FreeRTOS\Source\CMSIS_RTOS\cmsis_os.o
                0x08001c4e                osThreadCreate
 .text.osThreadTerminate
                0x08001c86        0xa Middlewares\Third_Party\FreeRTOS\Source\CMSIS_RTOS\cmsis_os.o
                0x08001c86                osThreadTerminate
 .text.osDelay  0x08001c90       0x10 Middlewares\Third_Party\FreeRTOS\Source\CMSIS_RTOS\cmsis_os.o
                0x08001c90                osDelay
 .text.osSemaphoreCreate
                0x08001ca0       0x28 Middlewares\Third_Party\FreeRTOS\Source\CMSIS_RTOS\cmsis_os.o
                0x08001ca0                osSemaphoreCreate
 .text.osSemaphoreWait
                0x08001cc8       0x50 Middlewares\Third_Party\FreeRTOS\Source\CMSIS_RTOS\cmsis_os.o
                0x08001cc8                osSemaphoreWait
 .text.osSemaphoreRelease
                0x08001d18       0x48 Middlewares\Third_Party\FreeRTOS\Source\CMSIS_RTOS\cmsis_os.o
                0x08001d18                osSemaphoreRelease
 .text.osSystickHandler
                0x08001d60       0x14 Middlewares\Third_Party\FreeRTOS\Source\CMSIS_RTOS\cmsis_os.o
                0x08001d60                osSystickHandler
 .text.UART_EndRxTransfer
                0x08001d74       0x1a Drivers\STM32F4xx_HAL_Driver\Src\stm32f4xx_hal_uart.o
 *fill*         0x08001d8e        0x2 
 .text.UART_SetConfig
                0x08001d90      0x23c Drivers\STM32F4xx_HAL_Driver\Src\stm32f4xx_hal_uart.o
 .text.HAL_UART_Init
                0x08001fcc       0x5c Drivers\STM32F4xx_HAL_Driver\Src\stm32f4xx_hal_uart.o
                0x08001fcc                HAL_UART_Init
 .text.HAL_UART_TxCpltCallback
                0x08002028        0x2 Drivers\STM32F4xx_HAL_Driver\Src\stm32f4xx_hal_uart.o
                0x08002028                HAL_UART_TxCpltCallback
 .text.HAL_UART_RxCpltCallback
                0x0800202a        0x2 Drivers\STM32F4xx_HAL_Driver\Src\stm32f4xx_hal_uart.o
                0x0800202a                HAL_UART_RxCpltCallback
 .text.UART_Receive_IT
                0x0800202c       0x78 Drivers\STM32F4xx_HAL_Driver\Src\stm32f4xx_hal_uart.o
 .text.HAL_UART_ErrorCallback
                0x080020a4        0x2 Drivers\STM32F4xx_HAL_Driver\Src\stm32f4xx_hal_uart.o
                0x080020a4                HAL_UART_ErrorCallback
 *fill*         0x080020a6        0x2 
 .text.HAL_UART_IRQHandler
                0x080020a8      0x144 Drivers\STM32F4xx_HAL_Driver\Src\stm32f4xx_hal_uart.o
                0x080020a8                HAL_UART_IRQHandler
 .text.UART_DMAAbortOnError
                0x080021ec       0x10 Drivers\STM32F4xx_HAL_Driver\Src\stm32f4xx_hal_uart.o
 .text.HAL_TIMEx_CommutationCallback
                0x080021fc        0x2 Drivers\STM32F4xx_HAL_Driver\Src\stm32f4xx_hal_tim_ex.o
                0x080021fc                HAL_TIMEx_CommutationCallback
 .text.HAL_TIMEx_BreakCallback
                0x080021fe        0x2 Drivers\STM32F4xx_HAL_Driver\Src\stm32f4xx_hal_tim_ex.o
                0x080021fe                HAL_TIMEx_BreakCallback
 .text.HAL_TIM_Base_MspInit
                0x08002200        0x2 Drivers\STM32F4xx_HAL_Driver\Src\stm32f4xx_hal_tim.o
                0x08002200                HAL_TIM_Base_MspInit
 .text.HAL_TIM_Base_Start_IT
                0x08002202       0x16 Drivers\STM32F4xx_HAL_Driver\Src\stm32f4xx_hal_tim.o
                0x08002202                HAL_TIM_Base_Start_IT
 .text.HAL_TIM_OC_DelayElapsedCallback
                0x08002218        0x2 Drivers\STM32F4xx_HAL_Driver\Src\stm32f4xx_hal_tim.o
                0x08002218                HAL_TIM_OC_DelayElapsedCallback
 .text.HAL_TIM_IC_CaptureCallback
                0x0800221a        0x2 Drivers\STM32F4xx_HAL_Driver\Src\stm32f4xx_hal_tim.o
                0x0800221a                HAL_TIM_IC_CaptureCallback
 .text.HAL_TIM_PWM_PulseFinishedCallback
                0x0800221c        0x2 Drivers\STM32F4xx_HAL_Driver\Src\stm32f4xx_hal_tim.o
                0x0800221c                HAL_TIM_PWM_PulseFinishedCallback
 .text.HAL_TIM_TriggerCallback
                0x0800221e        0x2 Drivers\STM32F4xx_HAL_Driver\Src\stm32f4xx_hal_tim.o
                0x0800221e                HAL_TIM_TriggerCallback
 .text.HAL_TIM_IRQHandler
                0x08002220      0x144 Drivers\STM32F4xx_HAL_Driver\Src\stm32f4xx_hal_tim.o
                0x08002220                HAL_TIM_IRQHandler
 .text.TIM_Base_SetConfig
                0x08002364       0xc8 Drivers\STM32F4xx_HAL_Driver\Src\stm32f4xx_hal_tim.o
                0x08002364                TIM_Base_SetConfig
 .text.HAL_TIM_Base_Init
                0x0800242c       0x34 Drivers\STM32F4xx_HAL_Driver\Src\stm32f4xx_hal_tim.o
                0x0800242c                HAL_TIM_Base_Init
 .text.HAL_RCC_OscConfig
                0x08002460      0x304 Drivers\STM32F4xx_HAL_Driver\Src\stm32f4xx_hal_rcc_ex.o
                0x08002460                HAL_RCC_OscConfig
 .text.HAL_RCC_GetSysClockFreq
                0x08002764       0xd0 Drivers\STM32F4xx_HAL_Driver\Src\stm32f4xx_hal_rcc_ex.o
                0x08002764                HAL_RCC_GetSysClockFreq
 .text.HAL_RCC_ClockConfig
                0x08002834      0x168 Drivers\STM32F4xx_HAL_Driver\Src\stm32f4xx_hal_rcc.o
                0x08002834                HAL_RCC_ClockConfig
 .text.HAL_RCC_GetHCLKFreq
                0x0800299c        0xc Drivers\STM32F4xx_HAL_Driver\Src\stm32f4xx_hal_rcc.o
                0x0800299c                HAL_RCC_GetHCLKFreq
 .text.HAL_RCC_GetPCLK1Freq
                0x080029a8       0x30 Drivers\STM32F4xx_HAL_Driver\Src\stm32f4xx_hal_rcc.o
                0x080029a8                HAL_RCC_GetPCLK1Freq
 .text.HAL_RCC_GetPCLK2Freq
                0x080029d8       0x30 Drivers\STM32F4xx_HAL_Driver\Src\stm32f4xx_hal_rcc.o
                0x080029d8                HAL_RCC_GetPCLK2Freq
 .text.HAL_RCC_GetClockConfig
                0x08002a08       0x3c Drivers\STM32F4xx_HAL_Driver\Src\stm32f4xx_hal_rcc.o
                0x08002a08                HAL_RCC_GetClockConfig
 .text.HAL_GPIO_Init
                0x08002a44      0x1b4 Drivers\STM32F4xx_HAL_Driver\Src\stm32f4xx_hal_gpio.o
                0x08002a44                HAL_GPIO_Init
 .text.HAL_GPIO_ReadPin
                0x08002bf8        0xc Drivers\STM32F4xx_HAL_Driver\Src\stm32f4xx_hal_gpio.o
                0x08002bf8                HAL_GPIO_ReadPin
 .text.HAL_GPIO_WritePin
                0x08002c04        0x8 Drivers\STM32F4xx_HAL_Driver\Src\stm32f4xx_hal_gpio.o
                0x08002c04                HAL_GPIO_WritePin
 .text.HAL_GPIO_TogglePin
                0x08002c0c        0x8 Drivers\STM32F4xx_HAL_Driver\Src\stm32f4xx_hal_gpio.o
                0x08002c0c                HAL_GPIO_TogglePin
 .text.HAL_GPIO_EXTI_Callback
                0x08002c14        0x2 Drivers\STM32F4xx_HAL_Driver\Src\stm32f4xx_hal_gpio.o
                0x08002c14                HAL_GPIO_EXTI_Callback
 *fill*         0x08002c16        0x2 
 .text.HAL_GPIO_EXTI_IRQHandler
                0x08002c18       0x18 Drivers\STM32F4xx_HAL_Driver\Src\stm32f4xx_hal_gpio.o
                0x08002c18                HAL_GPIO_EXTI_IRQHandler
 .text.DMA_CalcBaseAndBitshift
                0x08002c30       0x2c Drivers\STM32F4xx_HAL_Driver\Src\stm32f4xx_hal_dma.o
 .text.HAL_DMA_Init
                0x08002c5c       0xec Drivers\STM32F4xx_HAL_Driver\Src\stm32f4xx_hal_dma.o
                0x08002c5c                HAL_DMA_Init
 .text.HAL_DMA_Abort_IT
                0x08002d48       0x24 Drivers\STM32F4xx_HAL_Driver\Src\stm32f4xx_hal_dma.o
                0x08002d48                HAL_DMA_Abort_IT
 .text.HAL_DMA_IRQHandler
                0x08002d6c      0x17c Drivers\STM32F4xx_HAL_Driver\Src\stm32f4xx_hal_dma.o
                0x08002d6c                HAL_DMA_IRQHandler
 .text.HAL_NVIC_SetPriorityGrouping
                0x08002ee8       0x24 Drivers\STM32F4xx_HAL_Driver\Src\stm32f4xx_hal_cortex.o
                0x08002ee8                HAL_NVIC_SetPriorityGrouping
 .text.HAL_NVIC_SetPriority
                0x08002f0c       0x68 Drivers\STM32F4xx_HAL_Driver\Src\stm32f4xx_hal_cortex.o
                0x08002f0c                HAL_NVIC_SetPriority
 .text.HAL_NVIC_EnableIRQ
                0x08002f74       0x18 Drivers\STM32F4xx_HAL_Driver\Src\stm32f4xx_hal_cortex.o
                0x08002f74                HAL_NVIC_EnableIRQ
 .text.HAL_SYSTICK_Config
                0x08002f8c       0x2c Drivers\STM32F4xx_HAL_Driver\Src\stm32f4xx_hal_cortex.o
                0x08002f8c                HAL_SYSTICK_Config
 .text.HAL_SYSTICK_CLKSourceConfig
                0x08002fb8       0x18 Drivers\STM32F4xx_HAL_Driver\Src\stm32f4xx_hal_cortex.o
                0x08002fb8                HAL_SYSTICK_CLKSourceConfig
 .text.HAL_Init
                0x08002fd0       0x34 Drivers\STM32F4xx_HAL_Driver\Src\stm32f4xx_hal.o
                0x08002fd0                HAL_Init
 .text.HAL_IncTick
                0x08003004       0x10 Drivers\STM32F4xx_HAL_Driver\Src\stm32f4xx_hal.o
                0x08003004                HAL_IncTick
 .text.HAL_GetTick
                0x08003014        0xc Drivers\STM32F4xx_HAL_Driver\Src\stm32f4xx_hal.o
                0x08003014                HAL_GetTick
 .text.SystemInit
                0x08003020       0x4c Drivers\CMSIS\Device\ST\STM32F4xx\Source\Templates\system_stm32f4xx.o
                0x08003020                SystemInit
 .text.Reset_Handler
                0x0800306c       0x50 Drivers\CMSIS\Device\ST\STM32F4xx\Source\Templates\gcc\startup_stm32f446xx.o
                0x0800306c                Reset_Handler
 .text.Default_Handler
                0x080030bc        0x2 Drivers\CMSIS\Device\ST\STM32F4xx\Source\Templates\gcc\startup_stm32f446xx.o
                0x080030bc                RTC_Alarm_IRQHandler
                0x080030bc                EXTI2_IRQHandler
                0x080030bc                TIM8_CC_IRQHandler
                0x080030bc                DebugMon_Handler
                0x080030bc                SPI4_IRQHandler
                0x080030bc                TIM1_CC_IRQHandler
                0x080030bc                DMA2_Stream5_IRQHandler
                0x080030bc                HardFault_Handler
                0x080030bc                PVD_IRQHandler
                0x080030bc                SDIO_IRQHandler
                0x080030bc                TAMP_STAMP_IRQHandler
                0x080030bc                NMI_Handler
                0x080030bc                CAN2_RX1_IRQHandler
                0x080030bc                EXTI3_IRQHandler
                0x080030bc                TIM8_TRG_COM_TIM14_IRQHandler
                0x080030bc                TIM8_UP_TIM13_IRQHandler
                0x080030bc                I2C3_ER_IRQHandler
                0x080030bc                FMPI2C1_Event_IRQHandler
                0x080030bc                EXTI0_IRQHandler
                0x080030bc                I2C2_EV_IRQHandler
                0x080030bc                DMA1_Stream2_IRQHandler
                0x080030bc                CAN1_RX0_IRQHandler
                0x080030bc                FPU_IRQHandler
                0x080030bc                OTG_HS_WKUP_IRQHandler
                0x080030bc                UsageFault_Handler
                0x080030bc                CAN2_SCE_IRQHandler
                0x080030bc                DMA2_Stream2_IRQHandler
                0x080030bc                SPI1_IRQHandler
                0x080030bc                TIM6_DAC_IRQHandler
                0x080030bc                TIM1_BRK_TIM9_IRQHandler
                0x080030bc                DCMI_IRQHandler
                0x080030bc                CAN2_RX0_IRQHandler
                0x080030bc                DMA2_Stream3_IRQHandler
                0x080030bc                SAI2_IRQHandler
                0x080030bc                USART6_IRQHandler
                0x080030bc                USART3_IRQHandler
                0x080030bc                CAN1_RX1_IRQHandler
                0x080030bc                UART5_IRQHandler
                0x080030bc                DMA2_Stream0_IRQHandler
                0x080030bc                TIM4_IRQHandler
                0x080030bc                QUADSPI_IRQHandler
                0x080030bc                I2C1_EV_IRQHandler
                0x080030bc                DMA1_Stream1_IRQHandler
                0x080030bc                UART4_IRQHandler
                0x080030bc                TIM3_IRQHandler
                0x080030bc                RCC_IRQHandler
                0x080030bc                TIM8_BRK_TIM12_IRQHandler
                0x080030bc                Default_Handler
                0x080030bc                CEC_IRQHandler
                0x080030bc                ADC_IRQHandler
                0x080030bc                DMA1_Stream7_IRQHandler
                0x080030bc                TIM7_IRQHandler
                0x080030bc                CAN2_TX_IRQHandler
                0x080030bc                TIM5_IRQHandler
                0x080030bc                DMA2_Stream7_IRQHandler
                0x080030bc                I2C3_EV_IRQHandler
                0x080030bc                EXTI9_5_IRQHandler
                0x080030bc                RTC_WKUP_IRQHandler
                0x080030bc                SPDIF_RX_IRQHandler
                0x080030bc                SPI2_IRQHandler
                0x080030bc                OTG_HS_EP1_IN_IRQHandler
                0x080030bc                MemManage_Handler
                0x080030bc                DMA1_Stream0_IRQHandler
                0x080030bc                CAN1_TX_IRQHandler
                0x080030bc                EXTI4_IRQHandler
                0x080030bc                OTG_HS_EP1_OUT_IRQHandler
                0x080030bc                WWDG_IRQHandler
                0x080030bc                TIM2_IRQHandler
                0x080030bc                OTG_FS_WKUP_IRQHandler
                0x080030bc                TIM1_TRG_COM_TIM11_IRQHandler
                0x080030bc                OTG_HS_IRQHandler
                0x080030bc                EXTI1_IRQHandler
                0x080030bc                I2C2_ER_IRQHandler
                0x080030bc                DMA2_Stream1_IRQHandler
                0x080030bc                CAN1_SCE_IRQHandler
                0x080030bc                FLASH_IRQHandler
                0x080030bc                DMA2_Stream4_IRQHandler
                0x080030bc                BusFault_Handler
                0x080030bc                USART1_IRQHandler
                0x080030bc                OTG_FS_IRQHandler
                0x080030bc                SPI3_IRQHandler
                0x080030bc                DMA1_Stream4_IRQHandler
                0x080030bc                I2C1_ER_IRQHandler
                0x080030bc                FMC_IRQHandler
                0x080030bc                DMA2_Stream6_IRQHandler
                0x080030bc                SAI1_IRQHandler
                0x080030bc                DMA1_Stream3_IRQHandler
                0x080030bc                FMPI2C1_Error_IRQHandler
 *fill*         0x080030be        0x2 
 .text.__libc_init_array
                0x080030c0       0x4c c:/program files (x86)/atollic/truestudio for arm 5.5.2/armtools/bin/../lib/gcc/arm-atollic-eabi/5.3.1/../../../../arm-atollic-eabi/lib/armv7e-m/fpu\libc.a(lib_a-init.o)
                0x080030c0                __libc_init_array
 .text.memcpy   0x0800310c       0x16 c:/program files (x86)/atollic/truestudio for arm 5.5.2/armtools/bin/../lib/gcc/arm-atollic-eabi/5.3.1/../../../../arm-atollic-eabi/lib/armv7e-m/fpu\libc.a(lib_a-memcpy-stub.o)
                0x0800310c                memcpy
 .text.memset   0x08003122       0x10 c:/program files (x86)/atollic/truestudio for arm 5.5.2/armtools/bin/../lib/gcc/arm-atollic-eabi/5.3.1/../../../../arm-atollic-eabi/lib/armv7e-m/fpu\libc.a(lib_a-memset.o)
                0x08003122                memset
 *(.glue_7)
 .glue_7        0x08003132        0x0 linker stubs
 *(.glue_7t)
 .glue_7t       0x08003132        0x0 linker stubs
 *(.eh_frame)
 *fill*         0x08003132        0x2 
 .eh_frame      0x08003134        0x0 c:/program files (x86)/atollic/truestudio for arm 5.5.2/armtools/bin/../lib/gcc/arm-atollic-eabi/5.3.1/armv7e-m/fpu/crtbegin.o
 *(.init)
 .init          0x08003134        0x4 c:/program files (x86)/atollic/truestudio for arm 5.5.2/armtools/bin/../lib/gcc/arm-atollic-eabi/5.3.1/armv7e-m/fpu/crti.o
                0x08003134                _init
 .init          0x08003138        0x8 c:/program files (x86)/atollic/truestudio for arm 5.5.2/armtools/bin/../lib/gcc/arm-atollic-eabi/5.3.1/armv7e-m/fpu/crtn.o
 *(.fini)
 .fini          0x08003140        0x4 c:/program files (x86)/atollic/truestudio for arm 5.5.2/armtools/bin/../lib/gcc/arm-atollic-eabi/5.3.1/armv7e-m/fpu/crti.o
                0x08003140                _fini
 .fini          0x08003144        0x8 c:/program files (x86)/atollic/truestudio for arm 5.5.2/armtools/bin/../lib/gcc/arm-atollic-eabi/5.3.1/armv7e-m/fpu/crtn.o
                0x0800314c                . = ALIGN (0x4)
                0x0800314c                _etext = .

.vfp11_veneer   0x0800314c        0x0
 .vfp11_veneer  0x0800314c        0x0 linker stubs

.v4_bx          0x0800314c        0x0
 .v4_bx         0x0800314c        0x0 linker stubs

.iplt           0x0800314c        0x0
 .iplt          0x0800314c        0x0 c:/program files (x86)/atollic/truestudio for arm 5.5.2/armtools/bin/../lib/gcc/arm-atollic-eabi/5.3.1/armv7e-m/fpu/crtbegin.o

.rodata         0x0800314c       0x5c
                0x0800314c                . = ALIGN (0x4)
 *(.rodata)
 .rodata        0x0800314c       0x28 Src\main.o
 *(.rodata*)
 .rodata.str1.1
                0x08003174       0x16 Src\main.o
 .rodata.str1.1
                0x0800318a        0x5 Middlewares\Third_Party\FreeRTOS\Source\tasks.o
 .rodata.APBAHBPrescTable
                0x0800318f       0x10 Drivers\STM32F4xx_HAL_Driver\Src\stm32f4xx_hal_rcc.o
                0x0800318f                APBAHBPrescTable
 .rodata.flagBitshiftOffset.7734
                0x0800319f        0x8 Drivers\STM32F4xx_HAL_Driver\Src\stm32f4xx_hal_dma.o
                0x080031a8                . = ALIGN (0x4)
 *fill*         0x080031a7        0x1 

.rel.dyn        0x080031a8        0x0
 .rel.iplt      0x080031a8        0x0 c:/program files (x86)/atollic/truestudio for arm 5.5.2/armtools/bin/../lib/gcc/arm-atollic-eabi/5.3.1/armv7e-m/fpu/crtbegin.o

.ARM.extab
 *(.ARM.extab* .gnu.linkonce.armextab.*)

.ARM            0x080031a8        0x0
                0x080031a8                __exidx_start = .
 *(.ARM.exidx*)
                0x080031a8                __exidx_end = .

.preinit_array  0x080031a8        0x0
                0x080031a8                PROVIDE (__preinit_array_start, .)
 *(.preinit_array*)
                0x080031a8                PROVIDE (__preinit_array_end, .)

.init_array     0x080031a8        0x4
                0x080031a8                PROVIDE (__init_array_start, .)
 *(SORT(.init_array.*))
 *(.init_array*)
 .init_array    0x080031a8        0x4 c:/program files (x86)/atollic/truestudio for arm 5.5.2/armtools/bin/../lib/gcc/arm-atollic-eabi/5.3.1/armv7e-m/fpu/crtbegin.o
                0x080031ac                PROVIDE (__init_array_end, .)

.fini_array     0x080031ac        0x4
                [!provide]                PROVIDE (__fini_array_start, .)
 *(SORT(.fini_array.*))
 *(.fini_array*)
 .fini_array    0x080031ac        0x4 c:/program files (x86)/atollic/truestudio for arm 5.5.2/armtools/bin/../lib/gcc/arm-atollic-eabi/5.3.1/armv7e-m/fpu/crtbegin.o
                [!provide]                PROVIDE (__fini_array_end, .)
                0x080031b0                _sidata = LOADADDR (.data)

.data           0x20000000        0x8 load address 0x080031b0
                0x20000000                . = ALIGN (0x4)
                0x20000000                _sdata = .
 *(.data)
 *(.data*)
 .data.uxCriticalNesting
                0x20000000        0x4 Middlewares\Third_Party\FreeRTOS\Source\portable\GCC\ARM_CM4F\port.o
 .data.SystemCoreClock
                0x20000004        0x4 Drivers\CMSIS\Device\ST\STM32F4xx\Source\Templates\system_stm32f4xx.o
                0x20000004                SystemCoreClock
                0x20000008                . = ALIGN (0x4)
                0x20000008                _edata = .

.igot.plt       0x20000008        0x0 load address 0x080031b8
 .igot.plt      0x20000008        0x0 c:/program files (x86)/atollic/truestudio for arm 5.5.2/armtools/bin/../lib/gcc/arm-atollic-eabi/5.3.1/armv7e-m/fpu/crtbegin.o
                0x20000008                . = ALIGN (0x4)

.bss            0x20000008     0x3eb0 load address 0x080031b8
                0x20000008                _sbss = .
                0x20000008                __bss_start__ = _sbss
 *(.bss)
 .bss           0x20000008       0x1c c:/program files (x86)/atollic/truestudio for arm 5.5.2/armtools/bin/../lib/gcc/arm-atollic-eabi/5.3.1/armv7e-m/fpu/crtbegin.o
 *(.bss*)
 .bss.xNumOfOverflows
                0x20000024        0x4 Middlewares\Third_Party\FreeRTOS\Source\tasks.o
 .bss.pxDelayedTaskList
                0x20000028        0x4 Middlewares\Third_Party\FreeRTOS\Source\tasks.o
 .bss.xSchedulerRunning
                0x2000002c        0x4 Middlewares\Third_Party\FreeRTOS\Source\tasks.o
 .bss.uxTasksDeleted
                0x20000030        0x4 Middlewares\Third_Party\FreeRTOS\Source\tasks.o
 .bss.xTasksWaitingTermination
                0x20000034       0x14 Middlewares\Third_Party\FreeRTOS\Source\tasks.o
 .bss.xSuspendedTaskList
                0x20000048       0x14 Middlewares\Third_Party\FreeRTOS\Source\tasks.o
 .bss.uxPendedTicks
                0x2000005c        0x4 Middlewares\Third_Party\FreeRTOS\Source\tasks.o
 .bss.pxReadyTasksLists
                0x20000060       0x8c Middlewares\Third_Party\FreeRTOS\Source\tasks.o
 .bss.uxSchedulerSuspended
                0x200000ec        0x4 Middlewares\Third_Party\FreeRTOS\Source\tasks.o
 .bss.pxCurrentTCB
                0x200000f0        0x4 Middlewares\Third_Party\FreeRTOS\Source\tasks.o
                0x200000f0                pxCurrentTCB
 .bss.xNextTaskUnblockTime
                0x200000f4        0x4 Middlewares\Third_Party\FreeRTOS\Source\tasks.o
 .bss.xTickCount
                0x200000f8        0x4 Middlewares\Third_Party\FreeRTOS\Source\tasks.o
 .bss.pxOverflowDelayedTaskList
                0x200000fc        0x4 Middlewares\Third_Party\FreeRTOS\Source\tasks.o
 .bss.xPendingReadyList
                0x20000100       0x14 Middlewares\Third_Party\FreeRTOS\Source\tasks.o
 .bss.uxTaskNumber
                0x20000114        0x4 Middlewares\Third_Party\FreeRTOS\Source\tasks.o
 .bss.xDelayedTaskList1
                0x20000118       0x14 Middlewares\Third_Party\FreeRTOS\Source\tasks.o
 .bss.xDelayedTaskList2
                0x2000012c       0x14 Middlewares\Third_Party\FreeRTOS\Source\tasks.o
 .bss.uxCurrentNumberOfTasks
                0x20000140        0x4 Middlewares\Third_Party\FreeRTOS\Source\tasks.o
 .bss.uxTopReadyPriority
                0x20000144        0x4 Middlewares\Third_Party\FreeRTOS\Source\tasks.o
 .bss.xYieldPending
                0x20000148        0x4 Middlewares\Third_Party\FreeRTOS\Source\tasks.o
 .bss.xFreeBytesRemaining
                0x2000014c        0x4 Middlewares\Third_Party\FreeRTOS\Source\portable\MemMang\heap_4.o
 .bss.pxEnd     0x20000150        0x4 Middlewares\Third_Party\FreeRTOS\Source\portable\MemMang\heap_4.o
 .bss.xStart    0x20000154        0x8 Middlewares\Third_Party\FreeRTOS\Source\portable\MemMang\heap_4.o
 .bss.ucHeap    0x2000015c     0x3c00 Middlewares\Third_Party\FreeRTOS\Source\portable\MemMang\heap_4.o
 .bss.xBlockAllocatedBit
                0x20003d5c        0x4 Middlewares\Third_Party\FreeRTOS\Source\portable\MemMang\heap_4.o
 .bss.xMinimumEverFreeBytesRemaining
                0x20003d60        0x4 Middlewares\Third_Party\FreeRTOS\Source\portable\MemMang\heap_4.o
 .bss.ucMaxSysCallPriority
                0x20003d64        0x1 Middlewares\Third_Party\FreeRTOS\Source\portable\GCC\ARM_CM4F\port.o
 *fill*         0x20003d65        0x3 
 .bss.ulMaxPRIGROUPValue
                0x20003d68        0x4 Middlewares\Third_Party\FreeRTOS\Source\portable\GCC\ARM_CM4F\port.o
 *(COMMON)
 COMMON         0x20003d6c       0x3c Src\stm32f4xx_hal_timebase_TIM.o
                0x20003d6c                htim1
 COMMON         0x20003da8      0x10c Src\main.o
                0x20003da8                defaultTaskHandle
                0x20003dac                hdma_usart2_rx
                0x20003e0c                blinkTaskHandle
                0x20003e10                hdma_usart2_tx
                0x20003e70                huart2
                0x20003eb0                semHandle
 COMMON         0x20003eb4        0x4 Drivers\STM32F4xx_HAL_Driver\Src\stm32f4xx_hal.o
                0x20003eb4                uwTick
                0x20003eb8                . = ALIGN (0x4)
                0x20003eb8                _ebss = .
                0x20003eb8                __bss_end__ = _ebss

._user_heap_stack
                0x20003eb8      0x600 load address 0x080031b8
                0x20003eb8                . = ALIGN (0x4)
                [!provide]                PROVIDE (end, .)
                [!provide]                PROVIDE (_end, .)
                0x200040b8                . = (. + _Min_Heap_Size)
 *fill*         0x20003eb8      0x200 
                0x200044b8                . = (. + _Min_Stack_Size)
 *fill*         0x200040b8      0x400 
                0x200044b8                . = ALIGN (0x4)

/DISCARD/
 libc.a(*)
 libm.a(*)
 libgcc.a(*)

.ARM.attributes
                0x00000000       0x30
 *(.ARM.attributes)
 .ARM.attributes
                0x00000000       0x22 c:/program files (x86)/atollic/truestudio for arm 5.5.2/armtools/bin/../lib/gcc/arm-atollic-eabi/5.3.1/armv7e-m/fpu/crti.o
 .ARM.attributes
                0x00000022       0x34 c:/program files (x86)/atollic/truestudio for arm 5.5.2/armtools/bin/../lib/gcc/arm-atollic-eabi/5.3.1/armv7e-m/fpu/crtbegin.o
 .ARM.attributes
                0x00000056       0x39 Src\stm32f4xx_it.o
 .ARM.attributes
                0x0000008f       0x39 Src\stm32f4xx_hal_timebase_TIM.o
 .ARM.attributes
                0x000000c8       0x39 Src\stm32f4xx_hal_msp.o
 .ARM.attributes
                0x00000101       0x39 Src\main.o
 .ARM.attributes
                0x0000013a       0x39 Middlewares\Third_Party\FreeRTOS\Source\tasks.o
 .ARM.attributes
                0x00000173       0x39 Middlewares\Third_Party\FreeRTOS\Source\queue.o
 .ARM.attributes
                0x000001ac       0x39 Middlewares\Third_Party\FreeRTOS\Source\portable\MemMang\heap_4.o
 .ARM.attributes
                0x000001e5       0x39 Middlewares\Third_Party\FreeRTOS\Source\portable\GCC\ARM_CM4F\port.o
 .ARM.attributes
                0x0000021e       0x39 Middlewares\Third_Party\FreeRTOS\Source\list.o
 .ARM.attributes
                0x00000257       0x39 Middlewares\Third_Party\FreeRTOS\Source\CMSIS_RTOS\cmsis_os.o
 .ARM.attributes
                0x00000290       0x39 Drivers\STM32F4xx_HAL_Driver\Src\stm32f4xx_hal_uart.o
 .ARM.attributes
                0x000002c9       0x39 Drivers\STM32F4xx_HAL_Driver\Src\stm32f4xx_hal_tim_ex.o
 .ARM.attributes
                0x00000302       0x39 Drivers\STM32F4xx_HAL_Driver\Src\stm32f4xx_hal_tim.o
 .ARM.attributes
                0x0000033b       0x39 Drivers\STM32F4xx_HAL_Driver\Src\stm32f4xx_hal_rcc_ex.o
 .ARM.attributes
                0x00000374       0x39 Drivers\STM32F4xx_HAL_Driver\Src\stm32f4xx_hal_rcc.o
 .ARM.attributes
                0x000003ad       0x39 Drivers\STM32F4xx_HAL_Driver\Src\stm32f4xx_hal_gpio.o
 .ARM.attributes
                0x000003e6       0x39 Drivers\STM32F4xx_HAL_Driver\Src\stm32f4xx_hal_dma.o
 .ARM.attributes
                0x0000041f       0x39 Drivers\STM32F4xx_HAL_Driver\Src\stm32f4xx_hal_cortex.o
 .ARM.attributes
                0x00000458       0x39 Drivers\STM32F4xx_HAL_Driver\Src\stm32f4xx_hal.o
 .ARM.attributes
                0x00000491       0x39 Drivers\CMSIS\Device\ST\STM32F4xx\Source\Templates\system_stm32f4xx.o
 .ARM.attributes
                0x000004ca       0x21 Drivers\CMSIS\Device\ST\STM32F4xx\Source\Templates\gcc\startup_stm32f446xx.o
 .ARM.attributes
                0x000004eb       0x34 c:/program files (x86)/atollic/truestudio for arm 5.5.2/armtools/bin/../lib/gcc/arm-atollic-eabi/5.3.1/../../../../arm-atollic-eabi/lib/armv7e-m/fpu\libc.a(lib_a-init.o)
 .ARM.attributes
                0x0000051f       0x34 c:/program files (x86)/atollic/truestudio for arm 5.5.2/armtools/bin/../lib/gcc/arm-atollic-eabi/5.3.1/../../../../arm-atollic-eabi/lib/armv7e-m/fpu\libc.a(lib_a-memcpy-stub.o)
 .ARM.attributes
                0x00000553       0x34 c:/program files (x86)/atollic/truestudio for arm 5.5.2/armtools/bin/../lib/gcc/arm-atollic-eabi/5.3.1/../../../../arm-atollic-eabi/lib/armv7e-m/fpu\libc.a(lib_a-memset.o)
 .ARM.attributes
                0x00000587       0x22 c:/program files (x86)/atollic/truestudio for arm 5.5.2/armtools/bin/../lib/gcc/arm-atollic-eabi/5.3.1/armv7e-m/fpu/crtn.o
OUTPUT(FreeRTOS.elf elf32-littlearm)

.debug_info     0x00000000    0x13c3b
 .debug_info    0x00000000      0x8ba Src\stm32f4xx_it.o
 .debug_info    0x000008ba      0xb98 Src\stm32f4xx_hal_timebase_TIM.o
 .debug_info    0x00001452      0xd10 Src\stm32f4xx_hal_msp.o
 .debug_info    0x00002162     0x1661 Src\main.o
 .debug_info    0x000037c3     0x2718 Middlewares\Third_Party\FreeRTOS\Source\tasks.o
 .debug_info    0x00005edb     0x1674 Middlewares\Third_Party\FreeRTOS\Source\queue.o
 .debug_info    0x0000754f      0x486 Middlewares\Third_Party\FreeRTOS\Source\portable\MemMang\heap_4.o
 .debug_info    0x000079d5      0x557 Middlewares\Third_Party\FreeRTOS\Source\portable\GCC\ARM_CM4F\port.o
 .debug_info    0x00007f2c      0x2a1 Middlewares\Third_Party\FreeRTOS\Source\list.o
 .debug_info    0x000081cd     0x1ae7 Middlewares\Third_Party\FreeRTOS\Source\CMSIS_RTOS\cmsis_os.o
 .debug_info    0x00009cb4     0x128c Drivers\STM32F4xx_HAL_Driver\Src\stm32f4xx_hal_uart.o
 .debug_info    0x0000af40      0xf6b Drivers\STM32F4xx_HAL_Driver\Src\stm32f4xx_hal_tim_ex.o
 .debug_info    0x0000beab     0x2ea6 Drivers\STM32F4xx_HAL_Driver\Src\stm32f4xx_hal_tim.o
 .debug_info    0x0000ed51     0x12fc Drivers\STM32F4xx_HAL_Driver\Src\stm32f4xx_hal_rcc_ex.o
 .debug_info    0x0001004d      0xcd3 Drivers\STM32F4xx_HAL_Driver\Src\stm32f4xx_hal_rcc.o
 .debug_info    0x00010d20      0x77b Drivers\STM32F4xx_HAL_Driver\Src\stm32f4xx_hal_gpio.o
 .debug_info    0x0001149b      0xa2b Drivers\STM32F4xx_HAL_Driver\Src\stm32f4xx_hal_dma.o
 .debug_info    0x00011ec6      0xe99 Drivers\STM32F4xx_HAL_Driver\Src\stm32f4xx_hal_cortex.o
 .debug_info    0x00012d5f      0x92e Drivers\STM32F4xx_HAL_Driver\Src\stm32f4xx_hal.o
 .debug_info    0x0001368d      0x50a Drivers\CMSIS\Device\ST\STM32F4xx\Source\Templates\system_stm32f4xx.o
 .debug_info    0x00013b97       0xa4 Drivers\CMSIS\Device\ST\STM32F4xx\Source\Templates\gcc\startup_stm32f446xx.o

.debug_abbrev   0x00000000     0x3020
 .debug_abbrev  0x00000000      0x16f Src\stm32f4xx_it.o
 .debug_abbrev  0x0000016f      0x1cf Src\stm32f4xx_hal_timebase_TIM.o
 .debug_abbrev  0x0000033e      0x1c5 Src\stm32f4xx_hal_msp.o
 .debug_abbrev  0x00000503      0x32a Src\main.o
 .debug_abbrev  0x0000082d      0x383 Middlewares\Third_Party\FreeRTOS\Source\tasks.o
 .debug_abbrev  0x00000bb0      0x2d0 Middlewares\Third_Party\FreeRTOS\Source\queue.o
 .debug_abbrev  0x00000e80      0x230 Middlewares\Third_Party\FreeRTOS\Source\portable\MemMang\heap_4.o
 .debug_abbrev  0x000010b0      0x21b Middlewares\Third_Party\FreeRTOS\Source\portable\GCC\ARM_CM4F\port.o
 .debug_abbrev  0x000012cb       0xdc Middlewares\Third_Party\FreeRTOS\Source\list.o
 .debug_abbrev  0x000013a7      0x36c Middlewares\Third_Party\FreeRTOS\Source\CMSIS_RTOS\cmsis_os.o
 .debug_abbrev  0x00001713      0x2ec Drivers\STM32F4xx_HAL_Driver\Src\stm32f4xx_hal_uart.o
 .debug_abbrev  0x000019ff      0x270 Drivers\STM32F4xx_HAL_Driver\Src\stm32f4xx_hal_tim_ex.o
 .debug_abbrev  0x00001c6f      0x311 Drivers\STM32F4xx_HAL_Driver\Src\stm32f4xx_hal_tim.o
 .debug_abbrev  0x00001f80      0x266 Drivers\STM32F4xx_HAL_Driver\Src\stm32f4xx_hal_rcc_ex.o
 .debug_abbrev  0x000021e6      0x31e Drivers\STM32F4xx_HAL_Driver\Src\stm32f4xx_hal_rcc.o
 .debug_abbrev  0x00002504      0x1c8 Drivers\STM32F4xx_HAL_Driver\Src\stm32f4xx_hal_gpio.o
 .debug_abbrev  0x000026cc      0x2ce Drivers\STM32F4xx_HAL_Driver\Src\stm32f4xx_hal_dma.o
 .debug_abbrev  0x0000299a      0x32f Drivers\STM32F4xx_HAL_Driver\Src\stm32f4xx_hal_cortex.o
 .debug_abbrev  0x00002cc9      0x244 Drivers\STM32F4xx_HAL_Driver\Src\stm32f4xx_hal.o
 .debug_abbrev  0x00002f0d      0x101 Drivers\CMSIS\Device\ST\STM32F4xx\Source\Templates\system_stm32f4xx.o
 .debug_abbrev  0x0000300e       0x12 Drivers\CMSIS\Device\ST\STM32F4xx\Source\Templates\gcc\startup_stm32f446xx.o

.debug_aranges  0x00000000      0xd80
 .debug_aranges
                0x00000000       0x48 Src\stm32f4xx_it.o
 .debug_aranges
                0x00000048       0x30 Src\stm32f4xx_hal_timebase_TIM.o
 .debug_aranges
                0x00000078       0x30 Src\stm32f4xx_hal_msp.o
 .debug_aranges
                0x000000a8       0x48 Src\main.o
 .debug_aranges
                0x000000f0      0x190 Middlewares\Third_Party\FreeRTOS\Source\tasks.o
 .debug_aranges
                0x00000280       0xd0 Middlewares\Third_Party\FreeRTOS\Source\queue.o
 .debug_aranges
                0x00000350       0x48 Middlewares\Third_Party\FreeRTOS\Source\portable\MemMang\heap_4.o
 .debug_aranges
                0x00000398       0x80 Middlewares\Third_Party\FreeRTOS\Source\portable\GCC\ARM_CM4F\port.o
 .debug_aranges
                0x00000418       0x40 Middlewares\Third_Party\FreeRTOS\Source\list.o
 .debug_aranges
                0x00000458      0x178 Middlewares\Third_Party\FreeRTOS\Source\CMSIS_RTOS\cmsis_os.o
 .debug_aranges
                0x000005d0      0x120 Drivers\STM32F4xx_HAL_Driver\Src\stm32f4xx_hal_uart.o
 .debug_aranges
                0x000006f0       0xf0 Drivers\STM32F4xx_HAL_Driver\Src\stm32f4xx_hal_tim_ex.o
 .debug_aranges
                0x000007e0      0x250 Drivers\STM32F4xx_HAL_Driver\Src\stm32f4xx_hal_tim.o
 .debug_aranges
                0x00000a30       0x58 Drivers\STM32F4xx_HAL_Driver\Src\stm32f4xx_hal_rcc_ex.o
 .debug_aranges
                0x00000a88       0x80 Drivers\STM32F4xx_HAL_Driver\Src\stm32f4xx_hal_rcc.o
 .debug_aranges
                0x00000b08       0x58 Drivers\STM32F4xx_HAL_Driver\Src\stm32f4xx_hal_gpio.o
 .debug_aranges
                0x00000b60       0x80 Drivers\STM32F4xx_HAL_Driver\Src\stm32f4xx_hal_dma.o
 .debug_aranges
                0x00000be0       0x98 Drivers\STM32F4xx_HAL_Driver\Src\stm32f4xx_hal_cortex.o
 .debug_aranges
                0x00000c78       0xb8 Drivers\STM32F4xx_HAL_Driver\Src\stm32f4xx_hal.o
 .debug_aranges
                0x00000d30       0x28 Drivers\CMSIS\Device\ST\STM32F4xx\Source\Templates\system_stm32f4xx.o
 .debug_aranges
                0x00000d58       0x28 Drivers\CMSIS\Device\ST\STM32F4xx\Source\Templates\gcc\startup_stm32f446xx.o

.debug_ranges   0x00000000     0x1328
 .debug_ranges  0x00000000       0x38 Src\stm32f4xx_it.o
 .debug_ranges  0x00000038       0x40 Src\stm32f4xx_hal_timebase_TIM.o
 .debug_ranges  0x00000078       0x38 Src\stm32f4xx_hal_msp.o
 .debug_ranges  0x000000b0       0xe0 Src\main.o
 .debug_ranges  0x00000190      0x200 Middlewares\Third_Party\FreeRTOS\Source\tasks.o
 .debug_ranges  0x00000390       0xc0 Middlewares\Third_Party\FreeRTOS\Source\queue.o
 .debug_ranges  0x00000450       0x38 Middlewares\Third_Party\FreeRTOS\Source\portable\MemMang\heap_4.o
 .debug_ranges  0x00000488       0x70 Middlewares\Third_Party\FreeRTOS\Source\portable\GCC\ARM_CM4F\port.o
 .debug_ranges  0x000004f8       0x30 Middlewares\Third_Party\FreeRTOS\Source\list.o
 .debug_ranges  0x00000528      0x168 Middlewares\Third_Party\FreeRTOS\Source\CMSIS_RTOS\cmsis_os.o
 .debug_ranges  0x00000690      0x128 Drivers\STM32F4xx_HAL_Driver\Src\stm32f4xx_hal_uart.o
 .debug_ranges  0x000007b8       0xe0 Drivers\STM32F4xx_HAL_Driver\Src\stm32f4xx_hal_tim_ex.o
 .debug_ranges  0x00000898      0x330 Drivers\STM32F4xx_HAL_Driver\Src\stm32f4xx_hal_tim.o
 .debug_ranges  0x00000bc8      0x2d0 Drivers\STM32F4xx_HAL_Driver\Src\stm32f4xx_hal_rcc_ex.o
 .debug_ranges  0x00000e98      0x150 Drivers\STM32F4xx_HAL_Driver\Src\stm32f4xx_hal_rcc.o
 .debug_ranges  0x00000fe8       0x70 Drivers\STM32F4xx_HAL_Driver\Src\stm32f4xx_hal_gpio.o
 .debug_ranges  0x00001058       0xa8 Drivers\STM32F4xx_HAL_Driver\Src\stm32f4xx_hal_dma.o
 .debug_ranges  0x00001100      0x148 Drivers\STM32F4xx_HAL_Driver\Src\stm32f4xx_hal_cortex.o
 .debug_ranges  0x00001248       0xa8 Drivers\STM32F4xx_HAL_Driver\Src\stm32f4xx_hal.o
 .debug_ranges  0x000012f0       0x18 Drivers\CMSIS\Device\ST\STM32F4xx\Source\Templates\system_stm32f4xx.o
 .debug_ranges  0x00001308       0x20 Drivers\CMSIS\Device\ST\STM32F4xx\Source\Templates\gcc\startup_stm32f446xx.o

.debug_line     0x00000000     0x7063
 .debug_line    0x00000000      0x2be Src\stm32f4xx_it.o
 .debug_line    0x000002be      0x270 Src\stm32f4xx_hal_timebase_TIM.o
 .debug_line    0x0000052e      0x2a2 Src\stm32f4xx_hal_msp.o
 .debug_line    0x000007d0      0x3f3 Src\main.o
 .debug_line    0x00000bc3      0xbbb Middlewares\Third_Party\FreeRTOS\Source\tasks.o
 .debug_line    0x0000177e      0x743 Middlewares\Third_Party\FreeRTOS\Source\queue.o
 .debug_line    0x00001ec1      0x372 Middlewares\Third_Party\FreeRTOS\Source\portable\MemMang\heap_4.o
 .debug_line    0x00002233      0x33f Middlewares\Third_Party\FreeRTOS\Source\portable\GCC\ARM_CM4F\port.o
 .debug_line    0x00002572      0x249 Middlewares\Third_Party\FreeRTOS\Source\list.o
 .debug_line    0x000027bb      0x794 Middlewares\Third_Party\FreeRTOS\Source\CMSIS_RTOS\cmsis_os.o
 .debug_line    0x00002f4f      0x9c4 Drivers\STM32F4xx_HAL_Driver\Src\stm32f4xx_hal_uart.o
 .debug_line    0x00003913      0x620 Drivers\STM32F4xx_HAL_Driver\Src\stm32f4xx_hal_tim_ex.o
 .debug_line    0x00003f33     0x1087 Drivers\STM32F4xx_HAL_Driver\Src\stm32f4xx_hal_tim.o
 .debug_line    0x00004fba      0x808 Drivers\STM32F4xx_HAL_Driver\Src\stm32f4xx_hal_rcc_ex.o
 .debug_line    0x000057c2      0x56e Drivers\STM32F4xx_HAL_Driver\Src\stm32f4xx_hal_rcc.o
 .debug_line    0x00005d30      0x3c5 Drivers\STM32F4xx_HAL_Driver\Src\stm32f4xx_hal_gpio.o
 .debug_line    0x000060f5      0x531 Drivers\STM32F4xx_HAL_Driver\Src\stm32f4xx_hal_dma.o
 .debug_line    0x00006626      0x3f2 Drivers\STM32F4xx_HAL_Driver\Src\stm32f4xx_hal_cortex.o
 .debug_line    0x00006a18      0x3ab Drivers\STM32F4xx_HAL_Driver\Src\stm32f4xx_hal.o
 .debug_line    0x00006dc3      0x1f2 Drivers\CMSIS\Device\ST\STM32F4xx\Source\Templates\system_stm32f4xx.o
 .debug_line    0x00006fb5       0xae Drivers\CMSIS\Device\ST\STM32F4xx\Source\Templates\gcc\startup_stm32f446xx.o

.debug_str      0x00000000     0x5008
 .debug_str     0x00000000      0x811 Src\stm32f4xx_it.o
                                0x8ae (size before relaxing)
 .debug_str     0x00000811      0x7e0 Src\stm32f4xx_hal_timebase_TIM.o
                                0xdcd (size before relaxing)
 .debug_str     0x00000ff1      0x132 Src\stm32f4xx_hal_msp.o
                                0xdbd (size before relaxing)
 .debug_str     0x00001123      0x542 Src\main.o
                               0x1482 (size before relaxing)
 .debug_str     0x00001665      0xd80 Middlewares\Third_Party\FreeRTOS\Source\tasks.o
                                0xfaa (size before relaxing)
 .debug_str     0x000023e5      0x3fc Middlewares\Third_Party\FreeRTOS\Source\queue.o
                                0x8e8 (size before relaxing)
 .debug_str     0x000027e1      0x1ec Middlewares\Third_Party\FreeRTOS\Source\portable\MemMang\heap_4.o
                                0x3f6 (size before relaxing)
 .debug_str     0x000029cd      0x19c Middlewares\Third_Party\FreeRTOS\Source\portable\GCC\ARM_CM4F\port.o
                                0x497 (size before relaxing)
 .debug_str     0x00002b69       0x68 Middlewares\Third_Party\FreeRTOS\Source\list.o
                                0x30d (size before relaxing)
 .debug_str     0x00002bd1      0x4c3 Middlewares\Third_Party\FreeRTOS\Source\CMSIS_RTOS\cmsis_os.o
                                0xcc8 (size before relaxing)
 .debug_str     0x00003094      0x3a6 Drivers\STM32F4xx_HAL_Driver\Src\stm32f4xx_hal_uart.o
                                0xa32 (size before relaxing)
 .debug_str     0x0000343a      0x543 Drivers\STM32F4xx_HAL_Driver\Src\stm32f4xx_hal_tim_ex.o
                                0xb89 (size before relaxing)
 .debug_str     0x0000397d      0x960 Drivers\STM32F4xx_HAL_Driver\Src\stm32f4xx_hal_tim.o
                               0x113a (size before relaxing)
 .debug_str     0x000042dd      0x340 Drivers\STM32F4xx_HAL_Driver\Src\stm32f4xx_hal_rcc_ex.o
                                0x774 (size before relaxing)
 .debug_str     0x0000461d       0xf0 Drivers\STM32F4xx_HAL_Driver\Src\stm32f4xx_hal_rcc.o
                                0x705 (size before relaxing)
 .debug_str     0x0000470d       0xeb Drivers\STM32F4xx_HAL_Driver\Src\stm32f4xx_hal_gpio.o
                                0x534 (size before relaxing)
 .debug_str     0x000047f8      0x2a0 Drivers\STM32F4xx_HAL_Driver\Src\stm32f4xx_hal_dma.o
                                0x79b (size before relaxing)
 .debug_str     0x00004a98      0x35e Drivers\STM32F4xx_HAL_Driver\Src\stm32f4xx_hal_cortex.o
                                0xc43 (size before relaxing)
 .debug_str     0x00004df6      0x19e Drivers\STM32F4xx_HAL_Driver\Src\stm32f4xx_hal.o
                                0xb08 (size before relaxing)
 .debug_str     0x00004f94       0x74 Drivers\CMSIS\Device\ST\STM32F4xx\Source\Templates\system_stm32f4xx.o
                                0x3e5 (size before relaxing)

.comment        0x00000000       0x7e
 .comment       0x00000000       0x7e Src\stm32f4xx_it.o
                                 0x7f (size before relaxing)
 .comment       0x0000007e       0x7f Src\stm32f4xx_hal_timebase_TIM.o
 .comment       0x0000007e       0x7f Src\stm32f4xx_hal_msp.o
 .comment       0x0000007e       0x7f Src\main.o
 .comment       0x0000007e       0x7f Middlewares\Third_Party\FreeRTOS\Source\tasks.o
 .comment       0x0000007e       0x7f Middlewares\Third_Party\FreeRTOS\Source\queue.o
 .comment       0x0000007e       0x7f Middlewares\Third_Party\FreeRTOS\Source\portable\MemMang\heap_4.o
 .comment       0x0000007e       0x7f Middlewares\Third_Party\FreeRTOS\Source\portable\GCC\ARM_CM4F\port.o
 .comment       0x0000007e       0x7f Middlewares\Third_Party\FreeRTOS\Source\list.o
 .comment       0x0000007e       0x7f Middlewares\Third_Party\FreeRTOS\Source\CMSIS_RTOS\cmsis_os.o
 .comment       0x0000007e       0x7f Drivers\STM32F4xx_HAL_Driver\Src\stm32f4xx_hal_uart.o
 .comment       0x0000007e       0x7f Drivers\STM32F4xx_HAL_Driver\Src\stm32f4xx_hal_tim_ex.o
 .comment       0x0000007e       0x7f Drivers\STM32F4xx_HAL_Driver\Src\stm32f4xx_hal_tim.o
 .comment       0x0000007e       0x7f Drivers\STM32F4xx_HAL_Driver\Src\stm32f4xx_hal_rcc_ex.o
 .comment       0x0000007e       0x7f Drivers\STM32F4xx_HAL_Driver\Src\stm32f4xx_hal_rcc.o
 .comment       0x0000007e       0x7f Drivers\STM32F4xx_HAL_Driver\Src\stm32f4xx_hal_gpio.o
 .comment       0x0000007e       0x7f Drivers\STM32F4xx_HAL_Driver\Src\stm32f4xx_hal_dma.o
 .comment       0x0000007e       0x7f Drivers\STM32F4xx_HAL_Driver\Src\stm32f4xx_hal_cortex.o
 .comment       0x0000007e       0x7f Drivers\STM32F4xx_HAL_Driver\Src\stm32f4xx_hal.o
 .comment       0x0000007e       0x7f Drivers\CMSIS\Device\ST\STM32F4xx\Source\Templates\system_stm32f4xx.o

.debug_frame    0x00000000     0x2680
 .debug_frame   0x00000000       0x70 Src\stm32f4xx_it.o
 .debug_frame   0x00000070       0x50 Src\stm32f4xx_hal_timebase_TIM.o
 .debug_frame   0x000000c0       0x70 Src\stm32f4xx_hal_msp.o
 .debug_frame   0x00000130       0xa8 Src\main.o
 .debug_frame   0x000001d8      0x558 Middlewares\Third_Party\FreeRTOS\Source\tasks.o
 .debug_frame   0x00000730      0x270 Middlewares\Third_Party\FreeRTOS\Source\queue.o
 .debug_frame   0x000009a0       0x98 Middlewares\Third_Party\FreeRTOS\Source\portable\MemMang\heap_4.o
 .debug_frame   0x00000a38       0xf0 Middlewares\Third_Party\FreeRTOS\Source\portable\GCC\ARM_CM4F\port.o
 .debug_frame   0x00000b28       0x6c Middlewares\Third_Party\FreeRTOS\Source\list.o
 .debug_frame   0x00000b94      0x460 Middlewares\Third_Party\FreeRTOS\Source\CMSIS_RTOS\cmsis_os.o
 .debug_frame   0x00000ff4      0x374 Drivers\STM32F4xx_HAL_Driver\Src\stm32f4xx_hal_uart.o
 .debug_frame   0x00001368      0x334 Drivers\STM32F4xx_HAL_Driver\Src\stm32f4xx_hal_tim_ex.o
 .debug_frame   0x0000169c      0x854 Drivers\STM32F4xx_HAL_Driver\Src\stm32f4xx_hal_tim.o
 .debug_frame   0x00001ef0       0xd8 Drivers\STM32F4xx_HAL_Driver\Src\stm32f4xx_hal_rcc_ex.o
 .debug_frame   0x00001fc8      0x138 Drivers\STM32F4xx_HAL_Driver\Src\stm32f4xx_hal_rcc.o
 .debug_frame   0x00002100       0xd4 Drivers\STM32F4xx_HAL_Driver\Src\stm32f4xx_hal_gpio.o
 .debug_frame   0x000021d4      0x154 Drivers\STM32F4xx_HAL_Driver\Src\stm32f4xx_hal_dma.o
 .debug_frame   0x00002328      0x130 Drivers\STM32F4xx_HAL_Driver\Src\stm32f4xx_hal_cortex.o
 .debug_frame   0x00002458      0x184 Drivers\STM32F4xx_HAL_Driver\Src\stm32f4xx_hal.o
 .debug_frame   0x000025dc       0x30 Drivers\CMSIS\Device\ST\STM32F4xx\Source\Templates\system_stm32f4xx.o
 .debug_frame   0x0000260c       0x2c c:/program files (x86)/atollic/truestudio for arm 5.5.2/armtools/bin/../lib/gcc/arm-atollic-eabi/5.3.1/../../../../arm-atollic-eabi/lib/armv7e-m/fpu\libc.a(lib_a-init.o)
 .debug_frame   0x00002638       0x28 c:/program files (x86)/atollic/truestudio for arm 5.5.2/armtools/bin/../lib/gcc/arm-atollic-eabi/5.3.1/../../../../arm-atollic-eabi/lib/armv7e-m/fpu\libc.a(lib_a-memcpy-stub.o)
 .debug_frame   0x00002660       0x20 c:/program files (x86)/atollic/truestudio for arm 5.5.2/armtools/bin/../lib/gcc/arm-atollic-eabi/5.3.1/../../../../arm-atollic-eabi/lib/armv7e-m/fpu\libc.a(lib_a-memset.o)

.debug_loc      0x00000000     0xa4e6
 .debug_loc     0x00000000       0xa5 Src\stm32f4xx_hal_timebase_TIM.o
 .debug_loc     0x000000a5       0x63 Src\stm32f4xx_hal_msp.o
 .debug_loc     0x00000108       0x6e Src\main.o
 .debug_loc     0x00000176     0x17c5 Middlewares\Third_Party\FreeRTOS\Source\tasks.o
 .debug_loc     0x0000193b      0xa46 Middlewares\Third_Party\FreeRTOS\Source\queue.o
 .debug_loc     0x00002381      0x3a7 Middlewares\Third_Party\FreeRTOS\Source\portable\MemMang\heap_4.o
 .debug_loc     0x00002728       0xae Middlewares\Third_Party\FreeRTOS\Source\portable\GCC\ARM_CM4F\port.o
 .debug_loc     0x000027d6       0x94 Middlewares\Third_Party\FreeRTOS\Source\list.o
 .debug_loc     0x0000286a      0xf7e Middlewares\Third_Party\FreeRTOS\Source\CMSIS_RTOS\cmsis_os.o
 .debug_loc     0x000037e8     0x1194 Drivers\STM32F4xx_HAL_Driver\Src\stm32f4xx_hal_uart.o
 .debug_loc     0x0000497c      0x7b9 Drivers\STM32F4xx_HAL_Driver\Src\stm32f4xx_hal_tim_ex.o
 .debug_loc     0x00005135     0x3146 Drivers\STM32F4xx_HAL_Driver\Src\stm32f4xx_hal_tim.o
 .debug_loc     0x0000827b      0xcf3 Drivers\STM32F4xx_HAL_Driver\Src\stm32f4xx_hal_rcc_ex.o
 .debug_loc     0x00008f6e      0x49b Drivers\STM32F4xx_HAL_Driver\Src\stm32f4xx_hal_rcc.o
 .debug_loc     0x00009409      0x374 Drivers\STM32F4xx_HAL_Driver\Src\stm32f4xx_hal_gpio.o
 .debug_loc     0x0000977d      0x755 Drivers\STM32F4xx_HAL_Driver\Src\stm32f4xx_hal_dma.o
 .debug_loc     0x00009ed2      0x4ab Drivers\STM32F4xx_HAL_Driver\Src\stm32f4xx_hal_cortex.o
 .debug_loc     0x0000a37d       0x92 Drivers\STM32F4xx_HAL_Driver\Src\stm32f4xx_hal.o
 .debug_loc     0x0000a40f       0xd7 Drivers\CMSIS\Device\ST\STM32F4xx\Source\Templates\system_stm32f4xx.o

Cross Reference Table

Symbol                                            File
ADC_IRQHandler                                    Drivers\CMSIS\Device\ST\STM32F4xx\Source\Templates\gcc\startup_stm32f446xx.o
AHBPrescTable                                     Drivers\CMSIS\Device\ST\STM32F4xx\Source\Templates\system_stm32f4xx.o
APBAHBPrescTable                                  Drivers\STM32F4xx_HAL_Driver\Src\stm32f4xx_hal_rcc.o
BlinkTask                                         Src\main.o
BusFault_Handler                                  Drivers\CMSIS\Device\ST\STM32F4xx\Source\Templates\gcc\startup_stm32f446xx.o
CAN1_RX0_IRQHandler                               Drivers\CMSIS\Device\ST\STM32F4xx\Source\Templates\gcc\startup_stm32f446xx.o
CAN1_RX1_IRQHandler                               Drivers\CMSIS\Device\ST\STM32F4xx\Source\Templates\gcc\startup_stm32f446xx.o
CAN1_SCE_IRQHandler                               Drivers\CMSIS\Device\ST\STM32F4xx\Source\Templates\gcc\startup_stm32f446xx.o
CAN1_TX_IRQHandler                                Drivers\CMSIS\Device\ST\STM32F4xx\Source\Templates\gcc\startup_stm32f446xx.o
CAN2_RX0_IRQHandler                               Drivers\CMSIS\Device\ST\STM32F4xx\Source\Templates\gcc\startup_stm32f446xx.o
CAN2_RX1_IRQHandler                               Drivers\CMSIS\Device\ST\STM32F4xx\Source\Templates\gcc\startup_stm32f446xx.o
CAN2_SCE_IRQHandler                               Drivers\CMSIS\Device\ST\STM32F4xx\Source\Templates\gcc\startup_stm32f446xx.o
CAN2_TX_IRQHandler                                Drivers\CMSIS\Device\ST\STM32F4xx\Source\Templates\gcc\startup_stm32f446xx.o
CEC_IRQHandler                                    Drivers\CMSIS\Device\ST\STM32F4xx\Source\Templates\gcc\startup_stm32f446xx.o
DCMI_IRQHandler                                   Drivers\CMSIS\Device\ST\STM32F4xx\Source\Templates\gcc\startup_stm32f446xx.o
DMA1_Stream0_IRQHandler                           Drivers\CMSIS\Device\ST\STM32F4xx\Source\Templates\gcc\startup_stm32f446xx.o
DMA1_Stream1_IRQHandler                           Drivers\CMSIS\Device\ST\STM32F4xx\Source\Templates\gcc\startup_stm32f446xx.o
DMA1_Stream2_IRQHandler                           Drivers\CMSIS\Device\ST\STM32F4xx\Source\Templates\gcc\startup_stm32f446xx.o
DMA1_Stream3_IRQHandler                           Drivers\CMSIS\Device\ST\STM32F4xx\Source\Templates\gcc\startup_stm32f446xx.o
DMA1_Stream4_IRQHandler                           Drivers\CMSIS\Device\ST\STM32F4xx\Source\Templates\gcc\startup_stm32f446xx.o
DMA1_Stream5_IRQHandler                           Src\stm32f4xx_it.o
DMA1_Stream6_IRQHandler                           Src\stm32f4xx_it.o
DMA1_Stream7_IRQHandler                           Drivers\CMSIS\Device\ST\STM32F4xx\Source\Templates\gcc\startup_stm32f446xx.o
DMA2_Stream0_IRQHandler                           Drivers\CMSIS\Device\ST\STM32F4xx\Source\Templates\gcc\startup_stm32f446xx.o
DMA2_Stream1_IRQHandler                           Drivers\CMSIS\Device\ST\STM32F4xx\Source\Templates\gcc\startup_stm32f446xx.o
DMA2_Stream2_IRQHandler                           Drivers\CMSIS\Device\ST\STM32F4xx\Source\Templates\gcc\startup_stm32f446xx.o
DMA2_Stream3_IRQHandler                           Drivers\CMSIS\Device\ST\STM32F4xx\Source\Templates\gcc\startup_stm32f446xx.o
DMA2_Stream4_IRQHandler                           Drivers\CMSIS\Device\ST\STM32F4xx\Source\Templates\gcc\startup_stm32f446xx.o
DMA2_Stream5_IRQHandler                           Drivers\CMSIS\Device\ST\STM32F4xx\Source\Templates\gcc\startup_stm32f446xx.o
DMA2_Stream6_IRQHandler                           Drivers\CMSIS\Device\ST\STM32F4xx\Source\Templates\gcc\startup_stm32f446xx.o
DMA2_Stream7_IRQHandler                           Drivers\CMSIS\Device\ST\STM32F4xx\Source\Templates\gcc\startup_stm32f446xx.o
DebugMon_Handler                                  Drivers\CMSIS\Device\ST\STM32F4xx\Source\Templates\gcc\startup_stm32f446xx.o
Default_Handler                                   Drivers\CMSIS\Device\ST\STM32F4xx\Source\Templates\gcc\startup_stm32f446xx.o
EXTI0_IRQHandler                                  Drivers\CMSIS\Device\ST\STM32F4xx\Source\Templates\gcc\startup_stm32f446xx.o
EXTI15_10_IRQHandler                              Src\stm32f4xx_it.o
EXTI1_IRQHandler                                  Drivers\CMSIS\Device\ST\STM32F4xx\Source\Templates\gcc\startup_stm32f446xx.o
EXTI2_IRQHandler                                  Drivers\CMSIS\Device\ST\STM32F4xx\Source\Templates\gcc\startup_stm32f446xx.o
EXTI3_IRQHandler                                  Drivers\CMSIS\Device\ST\STM32F4xx\Source\Templates\gcc\startup_stm32f446xx.o
EXTI4_IRQHandler                                  Drivers\CMSIS\Device\ST\STM32F4xx\Source\Templates\gcc\startup_stm32f446xx.o
EXTI9_5_IRQHandler                                Drivers\CMSIS\Device\ST\STM32F4xx\Source\Templates\gcc\startup_stm32f446xx.o
Error_Handler                                     Src\main.o
                                                  Src\stm32f4xx_hal_msp.o
FLASH_Erase_Sector                                Drivers\STM32F4xx_HAL_Driver\Src\stm32f4xx_hal_flash_ex.o
                                                  Drivers\STM32F4xx_HAL_Driver\Src\stm32f4xx_hal_flash.o
FLASH_FlushCaches                                 Drivers\STM32F4xx_HAL_Driver\Src\stm32f4xx_hal_flash_ex.o
                                                  Drivers\STM32F4xx_HAL_Driver\Src\stm32f4xx_hal_flash.o
FLASH_IRQHandler                                  Drivers\CMSIS\Device\ST\STM32F4xx\Source\Templates\gcc\startup_stm32f446xx.o
FLASH_WaitForLastOperation                        Drivers\STM32F4xx_HAL_Driver\Src\stm32f4xx_hal_flash.o
                                                  Drivers\STM32F4xx_HAL_Driver\Src\stm32f4xx_hal_flash_ex.o
FMC_IRQHandler                                    Drivers\CMSIS\Device\ST\STM32F4xx\Source\Templates\gcc\startup_stm32f446xx.o
FMPI2C1_Error_IRQHandler                          Drivers\CMSIS\Device\ST\STM32F4xx\Source\Templates\gcc\startup_stm32f446xx.o
FMPI2C1_Event_IRQHandler                          Drivers\CMSIS\Device\ST\STM32F4xx\Source\Templates\gcc\startup_stm32f446xx.o
FPU_IRQHandler                                    Drivers\CMSIS\Device\ST\STM32F4xx\Source\Templates\gcc\startup_stm32f446xx.o
HAL_DBGMCU_DisableDBGSleepMode                    Drivers\STM32F4xx_HAL_Driver\Src\stm32f4xx_hal.o
HAL_DBGMCU_DisableDBGStandbyMode                  Drivers\STM32F4xx_HAL_Driver\Src\stm32f4xx_hal.o
HAL_DBGMCU_DisableDBGStopMode                     Drivers\STM32F4xx_HAL_Driver\Src\stm32f4xx_hal.o
HAL_DBGMCU_EnableDBGSleepMode                     Drivers\STM32F4xx_HAL_Driver\Src\stm32f4xx_hal.o
HAL_DBGMCU_EnableDBGStandbyMode                   Drivers\STM32F4xx_HAL_Driver\Src\stm32f4xx_hal.o
HAL_DBGMCU_EnableDBGStopMode                      Drivers\STM32F4xx_HAL_Driver\Src\stm32f4xx_hal.o
HAL_DMAEx_ChangeMemory                            Drivers\STM32F4xx_HAL_Driver\Src\stm32f4xx_hal_dma_ex.o
HAL_DMAEx_MultiBufferStart                        Drivers\STM32F4xx_HAL_Driver\Src\stm32f4xx_hal_dma_ex.o
HAL_DMAEx_MultiBufferStart_IT                     Drivers\STM32F4xx_HAL_Driver\Src\stm32f4xx_hal_dma_ex.o
HAL_DMA_Abort                                     Drivers\STM32F4xx_HAL_Driver\Src\stm32f4xx_hal_dma.o
                                                  Drivers\STM32F4xx_HAL_Driver\Src\stm32f4xx_hal_tim.o
                                                  Drivers\STM32F4xx_HAL_Driver\Src\stm32f4xx_hal_uart.o
HAL_DMA_Abort_IT                                  Drivers\STM32F4xx_HAL_Driver\Src\stm32f4xx_hal_dma.o
                                                  Drivers\STM32F4xx_HAL_Driver\Src\stm32f4xx_hal_uart.o
HAL_DMA_DeInit                                    Drivers\STM32F4xx_HAL_Driver\Src\stm32f4xx_hal_dma.o
                                                  Src\stm32f4xx_hal_msp.o
HAL_DMA_GetError                                  Drivers\STM32F4xx_HAL_Driver\Src\stm32f4xx_hal_dma.o
HAL_DMA_GetState                                  Drivers\STM32F4xx_HAL_Driver\Src\stm32f4xx_hal_dma.o
HAL_DMA_IRQHandler                                Drivers\STM32F4xx_HAL_Driver\Src\stm32f4xx_hal_dma.o
                                                  Src\stm32f4xx_it.o
HAL_DMA_Init                                      Drivers\STM32F4xx_HAL_Driver\Src\stm32f4xx_hal_dma.o
                                                  Src\stm32f4xx_hal_msp.o
HAL_DMA_PollForTransfer                           Drivers\STM32F4xx_HAL_Driver\Src\stm32f4xx_hal_dma.o
HAL_DMA_RegisterCallback                          Drivers\STM32F4xx_HAL_Driver\Src\stm32f4xx_hal_dma.o
HAL_DMA_Start                                     Drivers\STM32F4xx_HAL_Driver\Src\stm32f4xx_hal_dma.o
HAL_DMA_Start_IT                                  Drivers\STM32F4xx_HAL_Driver\Src\stm32f4xx_hal_dma.o
                                                  Drivers\STM32F4xx_HAL_Driver\Src\stm32f4xx_hal_tim.o
                                                  Drivers\STM32F4xx_HAL_Driver\Src\stm32f4xx_hal_tim_ex.o
                                                  Drivers\STM32F4xx_HAL_Driver\Src\stm32f4xx_hal_uart.o
HAL_DMA_UnRegisterCallback                        Drivers\STM32F4xx_HAL_Driver\Src\stm32f4xx_hal_dma.o
HAL_DeInit                                        Drivers\STM32F4xx_HAL_Driver\Src\stm32f4xx_hal.o
HAL_Delay                                         Drivers\STM32F4xx_HAL_Driver\Src\stm32f4xx_hal.o
HAL_DisableCompensationCell                       Drivers\STM32F4xx_HAL_Driver\Src\stm32f4xx_hal.o
HAL_EnableCompensationCell                        Drivers\STM32F4xx_HAL_Driver\Src\stm32f4xx_hal.o
HAL_FLASHEx_AdvOBGetConfig                        Drivers\STM32F4xx_HAL_Driver\Src\stm32f4xx_hal_flash_ex.o
HAL_FLASHEx_AdvOBProgram                          Drivers\STM32F4xx_HAL_Driver\Src\stm32f4xx_hal_flash_ex.o
HAL_FLASHEx_DisableFlashSleepMode                 Drivers\STM32F4xx_HAL_Driver\Src\stm32f4xx_hal_flash_ramfunc.o
HAL_FLASHEx_EnableFlashSleepMode                  Drivers\STM32F4xx_HAL_Driver\Src\stm32f4xx_hal_flash_ramfunc.o
HAL_FLASHEx_Erase                                 Drivers\STM32F4xx_HAL_Driver\Src\stm32f4xx_hal_flash_ex.o
HAL_FLASHEx_Erase_IT                              Drivers\STM32F4xx_HAL_Driver\Src\stm32f4xx_hal_flash_ex.o
HAL_FLASHEx_OBGetConfig                           Drivers\STM32F4xx_HAL_Driver\Src\stm32f4xx_hal_flash_ex.o
HAL_FLASHEx_OBProgram                             Drivers\STM32F4xx_HAL_Driver\Src\stm32f4xx_hal_flash_ex.o
HAL_FLASHEx_OB_DeSelectPCROP                      Drivers\STM32F4xx_HAL_Driver\Src\stm32f4xx_hal_flash_ex.o
HAL_FLASHEx_OB_SelectPCROP                        Drivers\STM32F4xx_HAL_Driver\Src\stm32f4xx_hal_flash_ex.o
HAL_FLASHEx_StartFlashInterfaceClk                Drivers\STM32F4xx_HAL_Driver\Src\stm32f4xx_hal_flash_ramfunc.o
HAL_FLASHEx_StopFlashInterfaceClk                 Drivers\STM32F4xx_HAL_Driver\Src\stm32f4xx_hal_flash_ramfunc.o
HAL_FLASH_EndOfOperationCallback                  Drivers\STM32F4xx_HAL_Driver\Src\stm32f4xx_hal_flash.o
HAL_FLASH_GetError                                Drivers\STM32F4xx_HAL_Driver\Src\stm32f4xx_hal_flash.o
HAL_FLASH_IRQHandler                              Drivers\STM32F4xx_HAL_Driver\Src\stm32f4xx_hal_flash.o
HAL_FLASH_Lock                                    Drivers\STM32F4xx_HAL_Driver\Src\stm32f4xx_hal_flash.o
HAL_FLASH_OB_Launch                               Drivers\STM32F4xx_HAL_Driver\Src\stm32f4xx_hal_flash.o
HAL_FLASH_OB_Lock                                 Drivers\STM32F4xx_HAL_Driver\Src\stm32f4xx_hal_flash.o
HAL_FLASH_OB_Unlock                               Drivers\STM32F4xx_HAL_Driver\Src\stm32f4xx_hal_flash.o
HAL_FLASH_OperationErrorCallback                  Drivers\STM32F4xx_HAL_Driver\Src\stm32f4xx_hal_flash.o
HAL_FLASH_Program                                 Drivers\STM32F4xx_HAL_Driver\Src\stm32f4xx_hal_flash.o
HAL_FLASH_Program_IT                              Drivers\STM32F4xx_HAL_Driver\Src\stm32f4xx_hal_flash.o
HAL_FLASH_Unlock                                  Drivers\STM32F4xx_HAL_Driver\Src\stm32f4xx_hal_flash.o
HAL_GPIO_DeInit                                   Drivers\STM32F4xx_HAL_Driver\Src\stm32f4xx_hal_gpio.o
                                                  Src\stm32f4xx_hal_msp.o
HAL_GPIO_EXTI_Callback                            Drivers\STM32F4xx_HAL_Driver\Src\stm32f4xx_hal_gpio.o
HAL_GPIO_EXTI_IRQHandler                          Drivers\STM32F4xx_HAL_Driver\Src\stm32f4xx_hal_gpio.o
                                                  Src\stm32f4xx_it.o
HAL_GPIO_Init                                     Drivers\STM32F4xx_HAL_Driver\Src\stm32f4xx_hal_gpio.o
                                                  Drivers\STM32F4xx_HAL_Driver\Src\stm32f4xx_hal_rcc.o
                                                  Src\main.o
                                                  Src\stm32f4xx_hal_msp.o
HAL_GPIO_LockPin                                  Drivers\STM32F4xx_HAL_Driver\Src\stm32f4xx_hal_gpio.o
HAL_GPIO_ReadPin                                  Drivers\STM32F4xx_HAL_Driver\Src\stm32f4xx_hal_gpio.o
                                                  Src\main.o
HAL_GPIO_TogglePin                                Drivers\STM32F4xx_HAL_Driver\Src\stm32f4xx_hal_gpio.o
                                                  Src\main.o
HAL_GPIO_WritePin                                 Drivers\STM32F4xx_HAL_Driver\Src\stm32f4xx_hal_gpio.o
                                                  Src\main.o
HAL_GetDEVID                                      Drivers\STM32F4xx_HAL_Driver\Src\stm32f4xx_hal.o
HAL_GetHalVersion                                 Drivers\STM32F4xx_HAL_Driver\Src\stm32f4xx_hal.o
HAL_GetREVID                                      Drivers\STM32F4xx_HAL_Driver\Src\stm32f4xx_hal.o
HAL_GetTick                                       Drivers\STM32F4xx_HAL_Driver\Src\stm32f4xx_hal.o
                                                  Drivers\STM32F4xx_HAL_Driver\Src\stm32f4xx_hal_dma.o
                                                  Drivers\STM32F4xx_HAL_Driver\Src\stm32f4xx_hal_flash.o
                                                  Drivers\STM32F4xx_HAL_Driver\Src\stm32f4xx_hal_pwr_ex.o
                                                  Drivers\STM32F4xx_HAL_Driver\Src\stm32f4xx_hal_rcc.o
                                                  Drivers\STM32F4xx_HAL_Driver\Src\stm32f4xx_hal_rcc_ex.o
                                                  Drivers\STM32F4xx_HAL_Driver\Src\stm32f4xx_hal_uart.o
HAL_HalfDuplex_EnableReceiver                     Drivers\STM32F4xx_HAL_Driver\Src\stm32f4xx_hal_uart.o
HAL_HalfDuplex_EnableTransmitter                  Drivers\STM32F4xx_HAL_Driver\Src\stm32f4xx_hal_uart.o
HAL_HalfDuplex_Init                               Drivers\STM32F4xx_HAL_Driver\Src\stm32f4xx_hal_uart.o
HAL_IncTick                                       Drivers\STM32F4xx_HAL_Driver\Src\stm32f4xx_hal.o
                                                  Src\main.o
HAL_Init                                          Drivers\STM32F4xx_HAL_Driver\Src\stm32f4xx_hal.o
                                                  Src\main.o
HAL_InitTick                                      Src\stm32f4xx_hal_timebase_TIM.o
                                                  Drivers\STM32F4xx_HAL_Driver\Src\stm32f4xx_hal_rcc.o
HAL_LIN_Init                                      Drivers\STM32F4xx_HAL_Driver\Src\stm32f4xx_hal_uart.o
HAL_LIN_SendBreak                                 Drivers\STM32F4xx_HAL_Driver\Src\stm32f4xx_hal_uart.o
HAL_MPU_ConfigRegion                              Drivers\STM32F4xx_HAL_Driver\Src\stm32f4xx_hal_cortex.o
HAL_MspDeInit                                     Drivers\STM32F4xx_HAL_Driver\Src\stm32f4xx_hal.o
HAL_MspInit                                       Src\stm32f4xx_hal_msp.o
HAL_MultiProcessor_EnterMuteMode                  Drivers\STM32F4xx_HAL_Driver\Src\stm32f4xx_hal_uart.o
HAL_MultiProcessor_ExitMuteMode                   Drivers\STM32F4xx_HAL_Driver\Src\stm32f4xx_hal_uart.o
HAL_MultiProcessor_Init                           Drivers\STM32F4xx_HAL_Driver\Src\stm32f4xx_hal_uart.o
HAL_NVIC_ClearPendingIRQ                          Drivers\STM32F4xx_HAL_Driver\Src\stm32f4xx_hal_cortex.o
HAL_NVIC_DisableIRQ                               Drivers\STM32F4xx_HAL_Driver\Src\stm32f4xx_hal_cortex.o
                                                  Src\stm32f4xx_hal_msp.o
HAL_NVIC_EnableIRQ                                Drivers\STM32F4xx_HAL_Driver\Src\stm32f4xx_hal_cortex.o
                                                  Src\main.o
                                                  Src\stm32f4xx_hal_msp.o
                                                  Src\stm32f4xx_hal_timebase_TIM.o
HAL_NVIC_GetActive                                Drivers\STM32F4xx_HAL_Driver\Src\stm32f4xx_hal_cortex.o
HAL_NVIC_GetPendingIRQ                            Drivers\STM32F4xx_HAL_Driver\Src\stm32f4xx_hal_cortex.o
HAL_NVIC_GetPriority                              Drivers\STM32F4xx_HAL_Driver\Src\stm32f4xx_hal_cortex.o
HAL_NVIC_GetPriorityGrouping                      Drivers\STM32F4xx_HAL_Driver\Src\stm32f4xx_hal_cortex.o
HAL_NVIC_SetPendingIRQ                            Drivers\STM32F4xx_HAL_Driver\Src\stm32f4xx_hal_cortex.o
HAL_NVIC_SetPriority                              Drivers\STM32F4xx_HAL_Driver\Src\stm32f4xx_hal_cortex.o
                                                  Drivers\STM32F4xx_HAL_Driver\Src\stm32f4xx_hal.o
                                                  Src\main.o
                                                  Src\stm32f4xx_hal_msp.o
                                                  Src\stm32f4xx_hal_timebase_TIM.o
HAL_NVIC_SetPriorityGrouping                      Drivers\STM32F4xx_HAL_Driver\Src\stm32f4xx_hal_cortex.o
                                                  Drivers\STM32F4xx_HAL_Driver\Src\stm32f4xx_hal.o
                                                  Src\stm32f4xx_hal_msp.o
HAL_NVIC_SystemReset                              Drivers\STM32F4xx_HAL_Driver\Src\stm32f4xx_hal_cortex.o
HAL_PWREx_ControlVoltageScaling                   Drivers\STM32F4xx_HAL_Driver\Src\stm32f4xx_hal_pwr_ex.o
HAL_PWREx_DisableBkUpReg                          Drivers\STM32F4xx_HAL_Driver\Src\stm32f4xx_hal_pwr_ex.o
HAL_PWREx_DisableFlashPowerDown                   Drivers\STM32F4xx_HAL_Driver\Src\stm32f4xx_hal_pwr_ex.o
HAL_PWREx_DisableOverDrive                        Drivers\STM32F4xx_HAL_Driver\Src\stm32f4xx_hal_pwr_ex.o
HAL_PWREx_EnableBkUpReg                           Drivers\STM32F4xx_HAL_Driver\Src\stm32f4xx_hal_pwr_ex.o
HAL_PWREx_EnableFlashPowerDown                    Drivers\STM32F4xx_HAL_Driver\Src\stm32f4xx_hal_pwr_ex.o
HAL_PWREx_EnableOverDrive                         Drivers\STM32F4xx_HAL_Driver\Src\stm32f4xx_hal_pwr_ex.o
HAL_PWREx_EnterUnderDriveSTOPMode                 Drivers\STM32F4xx_HAL_Driver\Src\stm32f4xx_hal_pwr_ex.o
HAL_PWREx_GetVoltageRange                         Drivers\STM32F4xx_HAL_Driver\Src\stm32f4xx_hal_pwr_ex.o
HAL_PWR_ConfigPVD                                 Drivers\STM32F4xx_HAL_Driver\Src\stm32f4xx_hal_pwr.o
HAL_PWR_DeInit                                    Drivers\STM32F4xx_HAL_Driver\Src\stm32f4xx_hal_pwr.o
HAL_PWR_DisableBkUpAccess                         Drivers\STM32F4xx_HAL_Driver\Src\stm32f4xx_hal_pwr.o
HAL_PWR_DisablePVD                                Drivers\STM32F4xx_HAL_Driver\Src\stm32f4xx_hal_pwr.o
HAL_PWR_DisableSEVOnPend                          Drivers\STM32F4xx_HAL_Driver\Src\stm32f4xx_hal_pwr.o
HAL_PWR_DisableSleepOnExit                        Drivers\STM32F4xx_HAL_Driver\Src\stm32f4xx_hal_pwr.o
HAL_PWR_DisableWakeUpPin                          Drivers\STM32F4xx_HAL_Driver\Src\stm32f4xx_hal_pwr.o
HAL_PWR_EnableBkUpAccess                          Drivers\STM32F4xx_HAL_Driver\Src\stm32f4xx_hal_pwr.o
HAL_PWR_EnablePVD                                 Drivers\STM32F4xx_HAL_Driver\Src\stm32f4xx_hal_pwr.o
HAL_PWR_EnableSEVOnPend                           Drivers\STM32F4xx_HAL_Driver\Src\stm32f4xx_hal_pwr.o
HAL_PWR_EnableSleepOnExit                         Drivers\STM32F4xx_HAL_Driver\Src\stm32f4xx_hal_pwr.o
HAL_PWR_EnableWakeUpPin                           Drivers\STM32F4xx_HAL_Driver\Src\stm32f4xx_hal_pwr.o
HAL_PWR_EnterSLEEPMode                            Drivers\STM32F4xx_HAL_Driver\Src\stm32f4xx_hal_pwr.o
HAL_PWR_EnterSTANDBYMode                          Drivers\STM32F4xx_HAL_Driver\Src\stm32f4xx_hal_pwr.o
HAL_PWR_EnterSTOPMode                             Drivers\STM32F4xx_HAL_Driver\Src\stm32f4xx_hal_pwr.o
HAL_PWR_PVDCallback                               Drivers\STM32F4xx_HAL_Driver\Src\stm32f4xx_hal_pwr.o
HAL_PWR_PVD_IRQHandler                            Drivers\STM32F4xx_HAL_Driver\Src\stm32f4xx_hal_pwr.o
HAL_RCCEx_GetPeriphCLKConfig                      Drivers\STM32F4xx_HAL_Driver\Src\stm32f4xx_hal_rcc_ex.o
HAL_RCCEx_GetPeriphCLKFreq                        Drivers\STM32F4xx_HAL_Driver\Src\stm32f4xx_hal_rcc_ex.o
HAL_RCCEx_PeriphCLKConfig                         Drivers\STM32F4xx_HAL_Driver\Src\stm32f4xx_hal_rcc_ex.o
HAL_RCCEx_SelectLSEMode                           Drivers\STM32F4xx_HAL_Driver\Src\stm32f4xx_hal_rcc_ex.o
HAL_RCC_CSSCallback                               Drivers\STM32F4xx_HAL_Driver\Src\stm32f4xx_hal_rcc.o
HAL_RCC_ClockConfig                               Drivers\STM32F4xx_HAL_Driver\Src\stm32f4xx_hal_rcc.o
                                                  Src\main.o
HAL_RCC_DeInit                                    Drivers\STM32F4xx_HAL_Driver\Src\stm32f4xx_hal_rcc_ex.o
HAL_RCC_DisableCSS                                Drivers\STM32F4xx_HAL_Driver\Src\stm32f4xx_hal_rcc.o
HAL_RCC_EnableCSS                                 Drivers\STM32F4xx_HAL_Driver\Src\stm32f4xx_hal_rcc.o
HAL_RCC_GetClockConfig                            Drivers\STM32F4xx_HAL_Driver\Src\stm32f4xx_hal_rcc.o
                                                  Src\stm32f4xx_hal_timebase_TIM.o
HAL_RCC_GetHCLKFreq                               Drivers\STM32F4xx_HAL_Driver\Src\stm32f4xx_hal_rcc.o
                                                  Src\main.o
HAL_RCC_GetOscConfig                              Drivers\STM32F4xx_HAL_Driver\Src\stm32f4xx_hal_rcc_ex.o
HAL_RCC_GetPCLK1Freq                              Drivers\STM32F4xx_HAL_Driver\Src\stm32f4xx_hal_rcc.o
                                                  Drivers\STM32F4xx_HAL_Driver\Src\stm32f4xx_hal_uart.o
HAL_RCC_GetPCLK2Freq                              Drivers\STM32F4xx_HAL_Driver\Src\stm32f4xx_hal_rcc.o
                                                  Drivers\STM32F4xx_HAL_Driver\Src\stm32f4xx_hal_uart.o
                                                  Src\stm32f4xx_hal_timebase_TIM.o
HAL_RCC_GetSysClockFreq                           Drivers\STM32F4xx_HAL_Driver\Src\stm32f4xx_hal_rcc_ex.o
HAL_RCC_MCOConfig                                 Drivers\STM32F4xx_HAL_Driver\Src\stm32f4xx_hal_rcc.o
HAL_RCC_NMI_IRQHandler                            Drivers\STM32F4xx_HAL_Driver\Src\stm32f4xx_hal_rcc.o
HAL_RCC_OscConfig                                 Drivers\STM32F4xx_HAL_Driver\Src\stm32f4xx_hal_rcc_ex.o
                                                  Src\main.o
HAL_ResumeTick                                    Src\stm32f4xx_hal_timebase_TIM.o
HAL_SYSTICK_CLKSourceConfig                       Drivers\STM32F4xx_HAL_Driver\Src\stm32f4xx_hal_cortex.o
                                                  Src\main.o
HAL_SYSTICK_Callback                              Drivers\STM32F4xx_HAL_Driver\Src\stm32f4xx_hal_cortex.o
HAL_SYSTICK_Config                                Drivers\STM32F4xx_HAL_Driver\Src\stm32f4xx_hal_cortex.o
                                                  Drivers\STM32F4xx_HAL_Driver\Src\stm32f4xx_hal.o
                                                  Src\main.o
HAL_SYSTICK_IRQHandler                            Drivers\STM32F4xx_HAL_Driver\Src\stm32f4xx_hal_cortex.o
HAL_SuspendTick                                   Src\stm32f4xx_hal_timebase_TIM.o
HAL_TIMEx_BreakCallback                           Drivers\STM32F4xx_HAL_Driver\Src\stm32f4xx_hal_tim_ex.o
                                                  Drivers\STM32F4xx_HAL_Driver\Src\stm32f4xx_hal_tim.o
HAL_TIMEx_CommutationCallback                     Drivers\STM32F4xx_HAL_Driver\Src\stm32f4xx_hal_tim_ex.o
                                                  Drivers\STM32F4xx_HAL_Driver\Src\stm32f4xx_hal_tim.o
HAL_TIMEx_ConfigBreakDeadTime                     Drivers\STM32F4xx_HAL_Driver\Src\stm32f4xx_hal_tim_ex.o
HAL_TIMEx_ConfigCommutationEvent                  Drivers\STM32F4xx_HAL_Driver\Src\stm32f4xx_hal_tim_ex.o
HAL_TIMEx_ConfigCommutationEvent_DMA              Drivers\STM32F4xx_HAL_Driver\Src\stm32f4xx_hal_tim_ex.o
HAL_TIMEx_ConfigCommutationEvent_IT               Drivers\STM32F4xx_HAL_Driver\Src\stm32f4xx_hal_tim_ex.o
HAL_TIMEx_HallSensor_DeInit                       Drivers\STM32F4xx_HAL_Driver\Src\stm32f4xx_hal_tim_ex.o
HAL_TIMEx_HallSensor_GetState                     Drivers\STM32F4xx_HAL_Driver\Src\stm32f4xx_hal_tim_ex.o
HAL_TIMEx_HallSensor_Init                         Drivers\STM32F4xx_HAL_Driver\Src\stm32f4xx_hal_tim_ex.o
HAL_TIMEx_HallSensor_MspDeInit                    Drivers\STM32F4xx_HAL_Driver\Src\stm32f4xx_hal_tim_ex.o
HAL_TIMEx_HallSensor_MspInit                      Drivers\STM32F4xx_HAL_Driver\Src\stm32f4xx_hal_tim_ex.o
HAL_TIMEx_HallSensor_Start                        Drivers\STM32F4xx_HAL_Driver\Src\stm32f4xx_hal_tim_ex.o
HAL_TIMEx_HallSensor_Start_DMA                    Drivers\STM32F4xx_HAL_Driver\Src\stm32f4xx_hal_tim_ex.o
HAL_TIMEx_HallSensor_Start_IT                     Drivers\STM32F4xx_HAL_Driver\Src\stm32f4xx_hal_tim_ex.o
HAL_TIMEx_HallSensor_Stop                         Drivers\STM32F4xx_HAL_Driver\Src\stm32f4xx_hal_tim_ex.o
HAL_TIMEx_HallSensor_Stop_DMA                     Drivers\STM32F4xx_HAL_Driver\Src\stm32f4xx_hal_tim_ex.o
HAL_TIMEx_HallSensor_Stop_IT                      Drivers\STM32F4xx_HAL_Driver\Src\stm32f4xx_hal_tim_ex.o
HAL_TIMEx_MasterConfigSynchronization             Drivers\STM32F4xx_HAL_Driver\Src\stm32f4xx_hal_tim_ex.o
HAL_TIMEx_OCN_Start                               Drivers\STM32F4xx_HAL_Driver\Src\stm32f4xx_hal_tim_ex.o
HAL_TIMEx_OCN_Start_DMA                           Drivers\STM32F4xx_HAL_Driver\Src\stm32f4xx_hal_tim_ex.o
HAL_TIMEx_OCN_Start_IT                            Drivers\STM32F4xx_HAL_Driver\Src\stm32f4xx_hal_tim_ex.o
HAL_TIMEx_OCN_Stop                                Drivers\STM32F4xx_HAL_Driver\Src\stm32f4xx_hal_tim_ex.o
HAL_TIMEx_OCN_Stop_DMA                            Drivers\STM32F4xx_HAL_Driver\Src\stm32f4xx_hal_tim_ex.o
HAL_TIMEx_OCN_Stop_IT                             Drivers\STM32F4xx_HAL_Driver\Src\stm32f4xx_hal_tim_ex.o
HAL_TIMEx_OnePulseN_Start                         Drivers\STM32F4xx_HAL_Driver\Src\stm32f4xx_hal_tim_ex.o
HAL_TIMEx_OnePulseN_Start_IT                      Drivers\STM32F4xx_HAL_Driver\Src\stm32f4xx_hal_tim_ex.o
HAL_TIMEx_OnePulseN_Stop                          Drivers\STM32F4xx_HAL_Driver\Src\stm32f4xx_hal_tim_ex.o
HAL_TIMEx_OnePulseN_Stop_IT                       Drivers\STM32F4xx_HAL_Driver\Src\stm32f4xx_hal_tim_ex.o
HAL_TIMEx_PWMN_Start                              Drivers\STM32F4xx_HAL_Driver\Src\stm32f4xx_hal_tim_ex.o
HAL_TIMEx_PWMN_Start_DMA                          Drivers\STM32F4xx_HAL_Driver\Src\stm32f4xx_hal_tim_ex.o
HAL_TIMEx_PWMN_Start_IT                           Drivers\STM32F4xx_HAL_Driver\Src\stm32f4xx_hal_tim_ex.o
HAL_TIMEx_PWMN_Stop                               Drivers\STM32F4xx_HAL_Driver\Src\stm32f4xx_hal_tim_ex.o
HAL_TIMEx_PWMN_Stop_DMA                           Drivers\STM32F4xx_HAL_Driver\Src\stm32f4xx_hal_tim_ex.o
HAL_TIMEx_PWMN_Stop_IT                            Drivers\STM32F4xx_HAL_Driver\Src\stm32f4xx_hal_tim_ex.o
HAL_TIMEx_RemapConfig                             Drivers\STM32F4xx_HAL_Driver\Src\stm32f4xx_hal_tim_ex.o
HAL_TIM_Base_DeInit                               Drivers\STM32F4xx_HAL_Driver\Src\stm32f4xx_hal_tim.o
HAL_TIM_Base_GetState                             Drivers\STM32F4xx_HAL_Driver\Src\stm32f4xx_hal_tim.o
HAL_TIM_Base_Init                                 Drivers\STM32F4xx_HAL_Driver\Src\stm32f4xx_hal_tim.o
                                                  Src\stm32f4xx_hal_timebase_TIM.o
HAL_TIM_Base_MspDeInit                            Drivers\STM32F4xx_HAL_Driver\Src\stm32f4xx_hal_tim.o
HAL_TIM_Base_MspInit                              Drivers\STM32F4xx_HAL_Driver\Src\stm32f4xx_hal_tim.o
HAL_TIM_Base_Start                                Drivers\STM32F4xx_HAL_Driver\Src\stm32f4xx_hal_tim.o
HAL_TIM_Base_Start_DMA                            Drivers\STM32F4xx_HAL_Driver\Src\stm32f4xx_hal_tim.o
HAL_TIM_Base_Start_IT                             Drivers\STM32F4xx_HAL_Driver\Src\stm32f4xx_hal_tim.o
                                                  Src\stm32f4xx_hal_timebase_TIM.o
HAL_TIM_Base_Stop                                 Drivers\STM32F4xx_HAL_Driver\Src\stm32f4xx_hal_tim.o
HAL_TIM_Base_Stop_DMA                             Drivers\STM32F4xx_HAL_Driver\Src\stm32f4xx_hal_tim.o
HAL_TIM_Base_Stop_IT                              Drivers\STM32F4xx_HAL_Driver\Src\stm32f4xx_hal_tim.o
HAL_TIM_ConfigClockSource                         Drivers\STM32F4xx_HAL_Driver\Src\stm32f4xx_hal_tim.o
HAL_TIM_ConfigOCrefClear                          Drivers\STM32F4xx_HAL_Driver\Src\stm32f4xx_hal_tim.o
HAL_TIM_ConfigTI1Input                            Drivers\STM32F4xx_HAL_Driver\Src\stm32f4xx_hal_tim.o
HAL_TIM_DMABurst_ReadStart                        Drivers\STM32F4xx_HAL_Driver\Src\stm32f4xx_hal_tim.o
HAL_TIM_DMABurst_ReadStop                         Drivers\STM32F4xx_HAL_Driver\Src\stm32f4xx_hal_tim.o
HAL_TIM_DMABurst_WriteStart                       Drivers\STM32F4xx_HAL_Driver\Src\stm32f4xx_hal_tim.o
HAL_TIM_DMABurst_WriteStop                        Drivers\STM32F4xx_HAL_Driver\Src\stm32f4xx_hal_tim.o
HAL_TIM_Encoder_DeInit                            Drivers\STM32F4xx_HAL_Driver\Src\stm32f4xx_hal_tim.o
HAL_TIM_Encoder_GetState                          Drivers\STM32F4xx_HAL_Driver\Src\stm32f4xx_hal_tim.o
HAL_TIM_Encoder_Init                              Drivers\STM32F4xx_HAL_Driver\Src\stm32f4xx_hal_tim.o
HAL_TIM_Encoder_MspDeInit                         Drivers\STM32F4xx_HAL_Driver\Src\stm32f4xx_hal_tim.o
HAL_TIM_Encoder_MspInit                           Drivers\STM32F4xx_HAL_Driver\Src\stm32f4xx_hal_tim.o
HAL_TIM_Encoder_Start                             Drivers\STM32F4xx_HAL_Driver\Src\stm32f4xx_hal_tim.o
HAL_TIM_Encoder_Start_DMA                         Drivers\STM32F4xx_HAL_Driver\Src\stm32f4xx_hal_tim.o
HAL_TIM_Encoder_Start_IT                          Drivers\STM32F4xx_HAL_Driver\Src\stm32f4xx_hal_tim.o
HAL_TIM_Encoder_Stop                              Drivers\STM32F4xx_HAL_Driver\Src\stm32f4xx_hal_tim.o
HAL_TIM_Encoder_Stop_DMA                          Drivers\STM32F4xx_HAL_Driver\Src\stm32f4xx_hal_tim.o
HAL_TIM_Encoder_Stop_IT                           Drivers\STM32F4xx_HAL_Driver\Src\stm32f4xx_hal_tim.o
HAL_TIM_ErrorCallback                             Drivers\STM32F4xx_HAL_Driver\Src\stm32f4xx_hal_tim.o
HAL_TIM_GenerateEvent                             Drivers\STM32F4xx_HAL_Driver\Src\stm32f4xx_hal_tim.o
HAL_TIM_IC_CaptureCallback                        Drivers\STM32F4xx_HAL_Driver\Src\stm32f4xx_hal_tim.o