Archive member included because of file (symbol)

c:/winavr-20100110/bin/../lib/gcc/avr/4.3.3/avr5\libgcc.a(_udivmodqi4.o)
                              flip-dot_controller.o (__udivmodqi4)
c:/winavr-20100110/bin/../lib/gcc/avr/4.3.3/avr5\libgcc.a(_exit.o)
                              c:/winavr-20100110/bin/../lib/gcc/avr/4.3.3/../../../../avr/lib/avr5/crtm16.o (exit)
c:/winavr-20100110/bin/../lib/gcc/avr/4.3.3/avr5\libgcc.a(_copy_data.o)
                              flip-dot_controller.o (__do_copy_data)
c:/winavr-20100110/bin/../lib/gcc/avr/4.3.3/avr5\libgcc.a(_clear_bss.o)
                              flip-dot_controller.o (__do_clear_bss)
c:/winavr-20100110/bin/../lib/gcc/avr/4.3.3/../../../../avr/lib/avr5\libc.a(itoa.o)
                              flip-dot_controller.o (itoa)
c:/winavr-20100110/bin/../lib/gcc/avr/4.3.3/../../../../avr/lib/avr5\libc.a(strrev.o)
                              c:/winavr-20100110/bin/../lib/gcc/avr/4.3.3/../../../../avr/lib/avr5\libc.a(itoa.o) (strrev)
c:/winavr-20100110/bin/../lib/gcc/avr/4.3.3/avr5\libgcc.a(_udivmodhi4.o)
                              c:/winavr-20100110/bin/../lib/gcc/avr/4.3.3/../../../../avr/lib/avr5\libc.a(itoa.o) (__udivmodhi4)

Allocating common symbols
Common symbol       size              file

buff                0x5               flip-dot_controller.o
month               0x1               flip-dot_controller.o
temp                0x1               flip-dot_controller.o
Date                0xc               flip-dot_controller.o
data                0x1               flip-dot_controller.o
min                 0x1               flip-dot_controller.o
year                0x1               flip-dot_controller.o
sec                 0x1               flip-dot_controller.o
hr                  0x1               flip-dot_controller.o
Time                0xc               flip-dot_controller.o
date                0x1               flip-dot_controller.o

Memory Configuration

Name             Origin             Length             Attributes
text             0x00000000         0x00020000         xr
data             0x00800060         0x0000ffa0         rw !x
eeprom           0x00810000         0x00010000         rw !x
fuse             0x00820000         0x00000400         rw !x
lock             0x00830000         0x00000400         rw !x
signature        0x00840000         0x00000400         rw !x
*default*        0x00000000         0xffffffff

Linker script and memory map

LOAD c:/winavr-20100110/bin/../lib/gcc/avr/4.3.3/../../../../avr/lib/avr5/crtm16.o
LOAD flip-dot_controller.o
LOAD ds1307.o
LOAD I2C.o
LOAD c:/winavr-20100110/bin/../lib/gcc/avr/4.3.3/avr5\libgcc.a
LOAD c:/winavr-20100110/bin/../lib/gcc/avr/4.3.3/../../../../avr/lib/avr5\libc.a
LOAD c:/winavr-20100110/bin/../lib/gcc/avr/4.3.3/avr5\libgcc.a

.hash
 *(.hash)

.dynsym
 *(.dynsym)

.dynstr
 *(.dynstr)

.gnu.version
 *(.gnu.version)

.gnu.version_d
 *(.gnu.version_d)

.gnu.version_r
 *(.gnu.version_r)

.rel.init
 *(.rel.init)

.rela.init
 *(.rela.init)

.rel.text
 *(.rel.text)
 *(.rel.text.*)
 *(.rel.gnu.linkonce.t*)

.rela.text
 *(.rela.text)
 *(.rela.text.*)
 *(.rela.gnu.linkonce.t*)

.rel.fini
 *(.rel.fini)

.rela.fini
 *(.rela.fini)

.rel.rodata
 *(.rel.rodata)
 *(.rel.rodata.*)
 *(.rel.gnu.linkonce.r*)

.rela.rodata
 *(.rela.rodata)
 *(.rela.rodata.*)
 *(.rela.gnu.linkonce.r*)

.rel.data
 *(.rel.data)
 *(.rel.data.*)
 *(.rel.gnu.linkonce.d*)

.rela.data
 *(.rela.data)
 *(.rela.data.*)
 *(.rela.gnu.linkonce.d*)

.rel.ctors
 *(.rel.ctors)

.rela.ctors
 *(.rela.ctors)

.rel.dtors
 *(.rel.dtors)

.rela.dtors
 *(.rela.dtors)

.rel.got
 *(.rel.got)

.rela.got
 *(.rela.got)

.rel.bss
 *(.rel.bss)

.rela.bss
 *(.rela.bss)

.rel.plt
 *(.rel.plt)

.rela.plt
 *(.rela.plt)

.text           0x00000000     0x1906
 *(.vectors)
 .vectors       0x00000000       0x54 c:/winavr-20100110/bin/../lib/gcc/avr/4.3.3/../../../../avr/lib/avr5/crtm16.o
                0x00000000                __vectors
                0x00000000                __vector_default
 *(.vectors)
 *(.progmem.gcc*)
 .progmem.gcc_sw_table
                0x00000054       0x38 flip-dot_controller.o
 *(.progmem*)
                0x0000008c                . = ALIGN (0x2)
                0x0000008c                __trampolines_start = .
 *(.trampolines)
 .trampolines   0x0000008c        0x0 linker stubs
 *(.trampolines*)
                0x0000008c                __trampolines_end = .
 *(.jumptables)
 *(.jumptables*)
 *(.lowtext)
 *(.lowtext*)
                0x0000008c                __ctors_start = .
 *(.ctors)
                0x0000008c                __ctors_end = .
                0x0000008c                __dtors_start = .
 *(.dtors)
                0x0000008c                __dtors_end = .
 SORT(*)(.ctors)
 SORT(*)(.dtors)
 *(.init0)
 .init0         0x0000008c        0x0 c:/winavr-20100110/bin/../lib/gcc/avr/4.3.3/../../../../avr/lib/avr5/crtm16.o
                0x0000008c                __init
 *(.init0)
 *(.init1)
 *(.init1)
 *(.init2)
 .init2         0x0000008c        0xc c:/winavr-20100110/bin/../lib/gcc/avr/4.3.3/../../../../avr/lib/avr5/crtm16.o
 *(.init2)
 *(.init3)
 *(.init3)
 *(.init4)
 .init4         0x00000098       0x16 c:/winavr-20100110/bin/../lib/gcc/avr/4.3.3/avr5\libgcc.a(_copy_data.o)
                0x00000098                __do_copy_data
 .init4         0x000000ae       0x10 c:/winavr-20100110/bin/../lib/gcc/avr/4.3.3/avr5\libgcc.a(_clear_bss.o)
                0x000000ae                __do_clear_bss
 *(.init4)
 *(.init5)
 *(.init5)
 *(.init6)
 *(.init6)
 *(.init7)
 *(.init7)
 *(.init8)
 *(.init8)
 *(.init9)
 .init9         0x000000be        0x8 c:/winavr-20100110/bin/../lib/gcc/avr/4.3.3/../../../../avr/lib/avr5/crtm16.o
 *(.init9)
 *(.text)
 .text          0x000000c6        0x4 c:/winavr-20100110/bin/../lib/gcc/avr/4.3.3/../../../../avr/lib/avr5/crtm16.o
                0x000000c6                __vector_12
                0x000000c6                __bad_interrupt
                0x000000c6                __vector_3
                0x000000c6                __vector_13
                0x000000c6                __vector_17
                0x000000c6                __vector_19
                0x000000c6                __vector_7
                0x000000c6                __vector_5
                0x000000c6                __vector_4
                0x000000c6                __vector_15
                0x000000c6                __vector_8
                0x000000c6                __vector_14
                0x000000c6                __vector_10
                0x000000c6                __vector_16
                0x000000c6                __vector_18
                0x000000c6                __vector_20
 .text          0x000000ca     0x1676 flip-dot_controller.o
                0x000013a0                rtc_init
                0x0000026c                send_char
                0x00000274                send_string
                0x000009a6                __vector_1
                0x0000024c                start_timer1
                0x00000292                pilnas_geltonas
                0x000007e0                ds1307_set_time
                0x000005b4                laikas
                0x0000086c                ds1307_get_td
                0x00000a1e                __vector_6
                0x00000224                init_timer
                0x0000025c                init_uart
                0x00000254                stop_timer1
                0x00000d30                __vector_11
                0x000006f6                read_keypad
                0x00000364                print_number
                0x00000214                init_isr
                0x0000022c                timer_init_1
                0x000002ce                pilnas_juodas
                0x000013f8                main
                0x00000754                ds1307_set_date
                0x0000023a                timer_1_reset
                0x0000069c                meniu
                0x00000af8                __vector_9
                0x00000724                __vector_2
                0x000000ca                segmentas
                0x00000670                show_fet_status
                0x00000288                receiveByte
                0x00000cb8                apie
                0x0000030a                print_column
                0x00000632                bruksniukas
 .text          0x00001740       0x88 ds1307.o
                0x0000177a                DS1307Read
                0x00001740                DS1307Write
 .text          0x000017c8       0x98 I2C.o
                0x00001826                I2CReadByte
                0x000017e2                I2CStart
                0x000017ee                I2CStop
                0x000017da                I2CClose
                0x000017c8                I2CInit
                0x000017fa                I2CWriteByte
 .text          0x00001860        0x0 c:/winavr-20100110/bin/../lib/gcc/avr/4.3.3/avr5\libgcc.a(_udivmodqi4.o)
 .text          0x00001860        0x0 c:/winavr-20100110/bin/../lib/gcc/avr/4.3.3/avr5\libgcc.a(_exit.o)
 .text          0x00001860        0x0 c:/winavr-20100110/bin/../lib/gcc/avr/4.3.3/avr5\libgcc.a(_copy_data.o)
 .text          0x00001860        0x0 c:/winavr-20100110/bin/../lib/gcc/avr/4.3.3/avr5\libgcc.a(_clear_bss.o)
 .text          0x00001860        0x0 c:/winavr-20100110/bin/../lib/gcc/avr/4.3.3/../../../../avr/lib/avr5\libc.a(itoa.o)
 .text          0x00001860        0x0 c:/winavr-20100110/bin/../lib/gcc/avr/4.3.3/../../../../avr/lib/avr5\libc.a(strrev.o)
 .text          0x00001860        0x0 c:/winavr-20100110/bin/../lib/gcc/avr/4.3.3/avr5\libgcc.a(_udivmodhi4.o)
                0x00001860                . = ALIGN (0x2)
 *(.text.*)
 .text.libgcc   0x00001860       0x18 c:/winavr-20100110/bin/../lib/gcc/avr/4.3.3/avr5\libgcc.a(_udivmodqi4.o)
                0x00001860                __udivmodqi4
 .text.libgcc   0x00001878        0x0 c:/winavr-20100110/bin/../lib/gcc/avr/4.3.3/avr5\libgcc.a(_exit.o)
 .text.libgcc   0x00001878        0x0 c:/winavr-20100110/bin/../lib/gcc/avr/4.3.3/avr5\libgcc.a(_copy_data.o)
 .text.libgcc   0x00001878        0x0 c:/winavr-20100110/bin/../lib/gcc/avr/4.3.3/avr5\libgcc.a(_clear_bss.o)
 .text.avr-libc
                0x00001878       0x42 c:/winavr-20100110/bin/../lib/gcc/avr/4.3.3/../../../../avr/lib/avr5\libc.a(itoa.o)
                0x00001878                itoa
 .text.avr-libc
                0x000018ba       0x20 c:/winavr-20100110/bin/../lib/gcc/avr/4.3.3/../../../../avr/lib/avr5\libc.a(strrev.o)
                0x000018ba                strrev
 .text.libgcc   0x000018da       0x28 c:/winavr-20100110/bin/../lib/gcc/avr/4.3.3/avr5\libgcc.a(_udivmodhi4.o)
                0x000018da                __udivmodhi4
                0x00001902                . = ALIGN (0x2)
 *(.fini9)
 .fini9         0x00001902        0x0 c:/winavr-20100110/bin/../lib/gcc/avr/4.3.3/avr5\libgcc.a(_exit.o)
                0x00001902                exit
                0x00001902                _exit
 *(.fini9)
 *(.fini8)
 *(.fini8)
 *(.fini7)
 *(.fini7)
 *(.fini6)
 *(.fini6)
 *(.fini5)
 *(.fini5)
 *(.fini4)
 *(.fini4)
 *(.fini3)
 *(.fini3)
 *(.fini2)
 *(.fini2)
 *(.fini1)
 *(.fini1)
 *(.fini0)
 .fini0         0x00001902        0x4 c:/winavr-20100110/bin/../lib/gcc/avr/4.3.3/avr5\libgcc.a(_exit.o)
 *(.fini0)
                0x00001906                _etext = .

.data           0x00800060      0x30e load address 0x00001906
                0x00800060                PROVIDE (__data_start, .)
 *(.data)
 .data          0x00800060        0x0 c:/winavr-20100110/bin/../lib/gcc/avr/4.3.3/../../../../avr/lib/avr5/crtm16.o
 .data          0x00800060      0x30d flip-dot_controller.o
 .data          0x0080036d        0x0 ds1307.o
 .data          0x0080036d        0x0 I2C.o
 .data          0x0080036d        0x0 c:/winavr-20100110/bin/../lib/gcc/avr/4.3.3/avr5\libgcc.a(_udivmodqi4.o)
 .data          0x0080036d        0x0 c:/winavr-20100110/bin/../lib/gcc/avr/4.3.3/avr5\libgcc.a(_exit.o)
 .data          0x0080036d        0x0 c:/winavr-20100110/bin/../lib/gcc/avr/4.3.3/avr5\libgcc.a(_copy_data.o)
 .data          0x0080036d        0x0 c:/winavr-20100110/bin/../lib/gcc/avr/4.3.3/avr5\libgcc.a(_clear_bss.o)
 .data          0x0080036d        0x0 c:/winavr-20100110/bin/../lib/gcc/avr/4.3.3/../../../../avr/lib/avr5\libc.a(itoa.o)
 .data          0x0080036d        0x0 c:/winavr-20100110/bin/../lib/gcc/avr/4.3.3/../../../../avr/lib/avr5\libc.a(strrev.o)
 .data          0x0080036d        0x0 c:/winavr-20100110/bin/../lib/gcc/avr/4.3.3/avr5\libgcc.a(_udivmodhi4.o)
 *(.data*)
 *(.rodata)
 *(.rodata*)
 *(.gnu.linkonce.d*)
                0x0080036e                . = ALIGN (0x2)
 *fill*         0x0080036d        0x1 00
                0x0080036e                _edata = .
                0x0080036e                PROVIDE (__data_end, .)

.bss            0x0080036e       0x33
                0x0080036e                PROVIDE (__bss_start, .)
 *(.bss)
 .bss           0x0080036e        0x0 c:/winavr-20100110/bin/../lib/gcc/avr/4.3.3/../../../../avr/lib/avr5/crtm16.o
 .bss           0x0080036e        0xe flip-dot_controller.o
                0x00800377                digit
                0x00800375                timer
                0x00800370                finish
                0x00800372                clock_millisecond
                0x00800378                set_time
                0x00800374                clock_second
                0x0080036e                sel
                0x00800376                button_pressed
                0x00800371                count
                0x0080037a                fet_status
                0x0080037b                fet_count
                0x0080036f                set
                0x00800379                set_fet
 .bss           0x0080037c        0x0 ds1307.o
 .bss           0x0080037c        0x0 I2C.o
 .bss           0x0080037c        0x0 c:/winavr-20100110/bin/../lib/gcc/avr/4.3.3/avr5\libgcc.a(_udivmodqi4.o)
 .bss           0x0080037c        0x0 c:/winavr-20100110/bin/../lib/gcc/avr/4.3.3/avr5\libgcc.a(_exit.o)
 .bss           0x0080037c        0x0 c:/winavr-20100110/bin/../lib/gcc/avr/4.3.3/avr5\libgcc.a(_copy_data.o)
 .bss           0x0080037c        0x0 c:/winavr-20100110/bin/../lib/gcc/avr/4.3.3/avr5\libgcc.a(_clear_bss.o)
 .bss           0x0080037c        0x0 c:/winavr-20100110/bin/../lib/gcc/avr/4.3.3/../../../../avr/lib/avr5\libc.a(itoa.o)
 .bss           0x0080037c        0x0 c:/winavr-20100110/bin/../lib/gcc/avr/4.3.3/../../../../avr/lib/avr5\libc.a(strrev.o)
 .bss           0x0080037c        0x0 c:/winavr-20100110/bin/../lib/gcc/avr/4.3.3/avr5\libgcc.a(_udivmodhi4.o)
 *(.bss*)
 *(COMMON)
 COMMON         0x0080037c       0x25 flip-dot_controller.o
                0x0080037c                buff
                0x00800381                month
                0x00800382                temp
                0x00800383                Date
                0x0080038f                data
                0x00800390                min
                0x00800391                year
                0x00800392                sec
                0x00800393                hr
                0x00800394                Time
                0x008003a0                date
                0x008003a1                PROVIDE (__bss_end, .)
                0x00001906                __data_load_start = LOADADDR (.data)
                0x00001c14                __data_load_end = (__data_load_start + SIZEOF (.data))

.noinit         0x008003a1        0x0
                0x008003a1                PROVIDE (__noinit_start, .)
 *(.noinit*)
                0x008003a1                PROVIDE (__noinit_end, .)
                0x008003a1                _end = .
                0x008003a1                PROVIDE (__heap_start, .)

.eeprom         0x00810000        0x0
 *(.eeprom*)
                0x00810000                __eeprom_end = .

.fuse
 *(.fuse)
 *(.lfuse)
 *(.hfuse)
 *(.efuse)

.lock
 *(.lock*)

.signature
 *(.signature*)

.stab
 *(.stab)

.stabstr
 *(.stabstr)

.stab.excl
 *(.stab.excl)

.stab.exclstr
 *(.stab.exclstr)

.stab.index
 *(.stab.index)

.stab.indexstr
 *(.stab.indexstr)

.comment
 *(.comment)

.debug
 *(.debug)

.line
 *(.line)

.debug_srcinfo
 *(.debug_srcinfo)

.debug_sfnames
 *(.debug_sfnames)

.debug_aranges  0x00000000       0x60
 *(.debug_aranges)
 .debug_aranges
                0x00000000       0x20 flip-dot_controller.o
 .debug_aranges
                0x00000020       0x20 ds1307.o
 .debug_aranges
                0x00000040       0x20 I2C.o

.debug_pubnames
                0x00000000      0x391
 *(.debug_pubnames)
 .debug_pubnames
                0x00000000      0x2fb flip-dot_controller.o
 .debug_pubnames
                0x000002fb       0x31 ds1307.o
 .debug_pubnames
                0x0000032c       0x65 I2C.o

.debug_info     0x00000000      0xc76
 *(.debug_info)
 .debug_info    0x00000000      0xa5b flip-dot_controller.o
 .debug_info    0x00000a5b       0xfb ds1307.o
 .debug_info    0x00000b56      0x120 I2C.o
 *(.gnu.linkonce.wi.*)

.debug_abbrev   0x00000000      0x3e4
 *(.debug_abbrev)
 .debug_abbrev  0x00000000      0x2e5 flip-dot_controller.o
 .debug_abbrev  0x000002e5       0x75 ds1307.o
 .debug_abbrev  0x0000035a       0x8a I2C.o

.debug_line     0x00000000     0x163e
 *(.debug_line)
 .debug_line    0x00000000     0x1372 flip-dot_controller.o
 .debug_line    0x00001372      0x151 ds1307.o
 .debug_line    0x000014c3      0x17b I2C.o

.debug_frame    0x00000000      0x2a0
 *(.debug_frame)
 .debug_frame   0x00000000      0x200 flip-dot_controller.o
 .debug_frame   0x00000200       0x30 ds1307.o
 .debug_frame   0x00000230       0x70 I2C.o

.debug_str      0x00000000      0x39d
 *(.debug_str)
 .debug_str     0x00000000      0x32e flip-dot_controller.o
                                0x3ab (size before relaxing)
 .debug_str     0x0000032e       0x2b ds1307.o
                                 0xe3 (size before relaxing)
 .debug_str     0x00000359       0x44 I2C.o
                                 0xfc (size before relaxing)

.debug_loc      0x00000000      0x670
 *(.debug_loc)
 .debug_loc     0x00000000      0x5b3 flip-dot_controller.o
 .debug_loc     0x000005b3       0x82 ds1307.o
 .debug_loc     0x00000635       0x3b I2C.o

.debug_macinfo
 *(.debug_macinfo)
OUTPUT(flip-dot_controller.elf elf32-avr)
LOAD linker stubs

.debug_ranges   0x00000000       0xd8
 .debug_ranges  0x00000000       0xd8 flip-dot_controller.o
